Archive member included to satisfy reference by file (symbol)

C:/ST/STM32CubeIDE_1.15.1/STM32CubeIDE/plugins/com.st.stm32cube.ide.mcu.externaltools.gnu-tools-for-stm32.12.3.rel1.win32_1.0.100.202403111256/tools/bin/../lib/gcc/arm-none-eabi/12.3.1/../../../../arm-none-eabi/lib/thumb/v7e-m+fp/hard\libc_nano.a(libc_a-exit.o)
                              C:/ST/STM32CubeIDE_1.15.1/STM32CubeIDE/plugins/com.st.stm32cube.ide.mcu.externaltools.gnu-tools-for-stm32.12.3.rel1.win32_1.0.100.202403111256/tools/bin/../lib/gcc/arm-none-eabi/12.3.1/../../../../arm-none-eabi/lib/thumb/v7e-m+fp/hard/crt0.o (exit)
C:/ST/STM32CubeIDE_1.15.1/STM32CubeIDE/plugins/com.st.stm32cube.ide.mcu.externaltools.gnu-tools-for-stm32.12.3.rel1.win32_1.0.100.202403111256/tools/bin/../lib/gcc/arm-none-eabi/12.3.1/../../../../arm-none-eabi/lib/thumb/v7e-m+fp/hard\libc_nano.a(libc_a-malloc.o)
                              ./Wiznet_W5500/httpServer.o (malloc)
C:/ST/STM32CubeIDE_1.15.1/STM32CubeIDE/plugins/com.st.stm32cube.ide.mcu.externaltools.gnu-tools-for-stm32.12.3.rel1.win32_1.0.100.202403111256/tools/bin/../lib/gcc/arm-none-eabi/12.3.1/../../../../arm-none-eabi/lib/thumb/v7e-m+fp/hard\libc_nano.a(libc_a-mallocr.o)
                              C:/ST/STM32CubeIDE_1.15.1/STM32CubeIDE/plugins/com.st.stm32cube.ide.mcu.externaltools.gnu-tools-for-stm32.12.3.rel1.win32_1.0.100.202403111256/tools/bin/../lib/gcc/arm-none-eabi/12.3.1/../../../../arm-none-eabi/lib/thumb/v7e-m+fp/hard\libc_nano.a(libc_a-malloc.o) (_malloc_r)
C:/ST/STM32CubeIDE_1.15.1/STM32CubeIDE/plugins/com.st.stm32cube.ide.mcu.externaltools.gnu-tools-for-stm32.12.3.rel1.win32_1.0.100.202403111256/tools/bin/../lib/gcc/arm-none-eabi/12.3.1/../../../../arm-none-eabi/lib/thumb/v7e-m+fp/hard\libc_nano.a(libc_a-mlock.o)
                              C:/ST/STM32CubeIDE_1.15.1/STM32CubeIDE/plugins/com.st.stm32cube.ide.mcu.externaltools.gnu-tools-for-stm32.12.3.rel1.win32_1.0.100.202403111256/tools/bin/../lib/gcc/arm-none-eabi/12.3.1/../../../../arm-none-eabi/lib/thumb/v7e-m+fp/hard\libc_nano.a(libc_a-mallocr.o) (__malloc_lock)
C:/ST/STM32CubeIDE_1.15.1/STM32CubeIDE/plugins/com.st.stm32cube.ide.mcu.externaltools.gnu-tools-for-stm32.12.3.rel1.win32_1.0.100.202403111256/tools/bin/../lib/gcc/arm-none-eabi/12.3.1/../../../../arm-none-eabi/lib/thumb/v7e-m+fp/hard\libc_nano.a(libc_a-rand.o)
                              ./Src/httpClient.o (rand)
C:/ST/STM32CubeIDE_1.15.1/STM32CubeIDE/plugins/com.st.stm32cube.ide.mcu.externaltools.gnu-tools-for-stm32.12.3.rel1.win32_1.0.100.202403111256/tools/bin/../lib/gcc/arm-none-eabi/12.3.1/../../../../arm-none-eabi/lib/thumb/v7e-m+fp/hard\libc_nano.a(libc_a-findfp.o)
                              C:/ST/STM32CubeIDE_1.15.1/STM32CubeIDE/plugins/com.st.stm32cube.ide.mcu.externaltools.gnu-tools-for-stm32.12.3.rel1.win32_1.0.100.202403111256/tools/bin/../lib/gcc/arm-none-eabi/12.3.1/../../../../arm-none-eabi/lib/thumb/v7e-m+fp/hard\libc_nano.a(libc_a-exit.o) (__stdio_exit_handler)
C:/ST/STM32CubeIDE_1.15.1/STM32CubeIDE/plugins/com.st.stm32cube.ide.mcu.externaltools.gnu-tools-for-stm32.12.3.rel1.win32_1.0.100.202403111256/tools/bin/../lib/gcc/arm-none-eabi/12.3.1/../../../../arm-none-eabi/lib/thumb/v7e-m+fp/hard\libc_nano.a(libc_a-fwalk.o)
                              C:/ST/STM32CubeIDE_1.15.1/STM32CubeIDE/plugins/com.st.stm32cube.ide.mcu.externaltools.gnu-tools-for-stm32.12.3.rel1.win32_1.0.100.202403111256/tools/bin/../lib/gcc/arm-none-eabi/12.3.1/../../../../arm-none-eabi/lib/thumb/v7e-m+fp/hard\libc_nano.a(libc_a-findfp.o) (_fwalk_sglue)
C:/ST/STM32CubeIDE_1.15.1/STM32CubeIDE/plugins/com.st.stm32cube.ide.mcu.externaltools.gnu-tools-for-stm32.12.3.rel1.win32_1.0.100.202403111256/tools/bin/../lib/gcc/arm-none-eabi/12.3.1/../../../../arm-none-eabi/lib/thumb/v7e-m+fp/hard\libc_nano.a(libc_a-printf.o)
                              ./Src/httpClient.o (printf)
C:/ST/STM32CubeIDE_1.15.1/STM32CubeIDE/plugins/com.st.stm32cube.ide.mcu.externaltools.gnu-tools-for-stm32.12.3.rel1.win32_1.0.100.202403111256/tools/bin/../lib/gcc/arm-none-eabi/12.3.1/../../../../arm-none-eabi/lib/thumb/v7e-m+fp/hard\libc_nano.a(libc_a-putchar.o)
                              ./Src/httpClient.o (putchar)
C:/ST/STM32CubeIDE_1.15.1/STM32CubeIDE/plugins/com.st.stm32cube.ide.mcu.externaltools.gnu-tools-for-stm32.12.3.rel1.win32_1.0.100.202403111256/tools/bin/../lib/gcc/arm-none-eabi/12.3.1/../../../../arm-none-eabi/lib/thumb/v7e-m+fp/hard\libc_nano.a(libc_a-puts.o)
                              ./Src/httpClient.o (puts)
C:/ST/STM32CubeIDE_1.15.1/STM32CubeIDE/plugins/com.st.stm32cube.ide.mcu.externaltools.gnu-tools-for-stm32.12.3.rel1.win32_1.0.100.202403111256/tools/bin/../lib/gcc/arm-none-eabi/12.3.1/../../../../arm-none-eabi/lib/thumb/v7e-m+fp/hard\libc_nano.a(libc_a-sprintf.o)
                              ./Src/httpClient.o (sprintf)
[...]
Memory Configuration

Name             Origin             Length             Attributes
RAM              0x20000000         0x00020000         xrw
FLASH            0x08000000         0x00080000         xr
*default*        0x00000000         0xffffffff

Linker script and memory map

LOAD C:/ST/STM32CubeIDE_1.15.1/STM32CubeIDE/plugins/com.st.stm32cube.ide.mcu.externaltools.gnu-tools-for-stm32.12.3.rel1.win32_1.0.100.202403111256/tools/bin/../lib/gcc/arm-none-eabi/12.3.1/thumb/v7e-m+fp/hard/crti.o
LOAD C:/ST/STM32CubeIDE_1.15.1/STM32CubeIDE/plugins/com.st.stm32cube.ide.mcu.externaltools.gnu-tools-for-stm32.12.3.rel1.win32_1.0.100.202403111256/tools/bin/../lib/gcc/arm-none-eabi/12.3.1/thumb/v7e-m+fp/hard/crtbegin.o
LOAD C:/ST/STM32CubeIDE_1.15.1/STM32CubeIDE/plugins/com.st.stm32cube.ide.mcu.externaltools.gnu-tools-for-stm32.12.3.rel1.win32_1.0.100.202403111256/tools/bin/../lib/gcc/arm-none-eabi/12.3.1/../../../../arm-none-eabi/lib/thumb/v7e-m+fp/hard/crt0.o
LOAD ./Src/adc.o
LOAD ./Src/bsp.o
LOAD ./Src/dns.o
LOAD ./Src/fpu.o
LOAD ./Src/httpClient.o
LOAD ./Src/main.o
LOAD ./Src/spi.o
LOAD ./Src/syscalls.o
LOAD ./Src/sysmem.o
LOAD ./Src/timebase.o
LOAD ./Src/uart.o
LOAD ./Src/w5500_driver.o
LOAD ./Startup/startup_stm32f411retx.o
LOAD ./Wiznet_W5500/dhcp.o
LOAD ./Wiznet_W5500/httpParser.o
LOAD ./Wiznet_W5500/httpServer.o
LOAD ./Wiznet_W5500/httpUtil.o
LOAD ./Wiznet_W5500/socket.o
LOAD ./Wiznet_W5500/w5500.o
LOAD ./Wiznet_W5500/wizchip_conf.o
START GROUP
LOAD C:/ST/STM32CubeIDE_1.15.1/STM32CubeIDE/plugins/com.st.stm32cube.ide.mcu.externaltools.gnu-tools-for-stm32.12.3.rel1.win32_1.0.100.202403111256/tools/bin/../lib/gcc/arm-none-eabi/12.3.1/../../../../arm-none-eabi/lib/thumb/v7e-m+fp/hard\libc_nano.a
LOAD C:/ST/STM32CubeIDE_1.15.1/STM32CubeIDE/plugins/com.st.stm32cube.ide.mcu.externaltools.gnu-tools-for-stm32.12.3.rel1.win32_1.0.100.202403111256/tools/bin/../lib/gcc/arm-none-eabi/12.3.1/../../../../arm-none-eabi/lib/thumb/v7e-m+fp/hard\libm.a
END GROUP
START GROUP
LOAD C:/ST/STM32CubeIDE_1.15.1/STM32CubeIDE/plugins/com.st.stm32cube.ide.mcu.externaltools.gnu-tools-for-stm32.12.3.rel1.win32_1.0.100.202403111256/tools/bin/../lib/gcc/arm-none-eabi/12.3.1/thumb/v7e-m+fp/hard\libgcc.a
LOAD C:/ST/STM32CubeIDE_1.15.1/STM32CubeIDE/plugins/com.st.stm32cube.ide.mcu.externaltools.gnu-tools-for-stm32.12.3.rel1.win32_1.0.100.202403111256/tools/bin/../lib/gcc/arm-none-eabi/12.3.1/../../../../arm-none-eabi/lib/thumb/v7e-m+fp/hard\libc_nano.a
END GROUP
START GROUP
LOAD C:/ST/STM32CubeIDE_1.15.1/STM32CubeIDE/plugins/com.st.stm32cube.ide.mcu.externaltools.gnu-tools-for-stm32.12.3.rel1.win32_1.0.100.202403111256/tools/bin/../lib/gcc/arm-none-eabi/12.3.1/thumb/v7e-m+fp/hard\libgcc.a
LOAD C:/ST/STM32CubeIDE_1.15.1/STM32CubeIDE/plugins/com.st.stm32cube.ide.mcu.externaltools.gnu-tools-for-stm32.12.3.rel1.win32_1.0.100.202403111256/tools/bin/../lib/gcc/arm-none-eabi/12.3.1/../../../../arm-none-eabi/lib/thumb/v7e-m+fp/hard\libc_nano.a
LOAD C:/ST/STM32CubeIDE_1.15.1/STM32CubeIDE/plugins/com.st.stm32cube.ide.mcu.externaltools.gnu-tools-for-stm32.12.3.rel1.win32_1.0.100.202403111256/tools/bin/../lib/gcc/arm-none-eabi/12.3.1/../../../../arm-none-eabi/lib/thumb/v7e-m+fp/hard\libnosys.a
END GROUP
START GROUP
LOAD C:/ST/STM32CubeIDE_1.15.1/STM32CubeIDE/plugins/com.st.stm32cube.ide.mcu.externaltools.gnu-tools-for-stm32.12.3.rel1.win32_1.0.100.202403111256/tools/bin/../lib/gcc/arm-none-eabi/12.3.1/thumb/v7e-m+fp/hard\libgcc.a
LOAD C:/ST/STM32CubeIDE_1.15.1/STM32CubeIDE/plugins/com.st.stm32cube.ide.mcu.externaltools.gnu-tools-for-stm32.12.3.rel1.win32_1.0.100.202403111256/tools/bin/../lib/gcc/arm-none-eabi/12.3.1/../../../../arm-none-eabi/lib/thumb/v7e-m+fp/hard\libc_nano.a
LOAD C:/ST/STM32CubeIDE_1.15.1/STM32CubeIDE/plugins/com.st.stm32cube.ide.mcu.externaltools.gnu-tools-for-stm32.12.3.rel1.win32_1.0.100.202403111256/tools/bin/../lib/gcc/arm-none-eabi/12.3.1/../../../../arm-none-eabi/lib/thumb/v7e-m+fp/hard\libnosys.a
END GROUP
LOAD C:/ST/STM32CubeIDE_1.15.1/STM32CubeIDE/plugins/com.st.stm32cube.ide.mcu.externaltools.gnu-tools-for-stm32.12.3.rel1.win32_1.0.100.202403111256/tools/bin/../lib/gcc/arm-none-eabi/12.3.1/thumb/v7e-m+fp/hard/crtend.o
LOAD C:/ST/STM32CubeIDE_1.15.1/STM32CubeIDE/plugins/com.st.stm32cube.ide.mcu.externaltools.gnu-tools-for-stm32.12.3.rel1.win32_1.0.100.202403111256/tools/bin/../lib/gcc/arm-none-eabi/12.3.1/thumb/v7e-m+fp/hard/crtn.o
                0x20020000                        _estack = (ORIGIN (RAM) + LENGTH (RAM))
                0x00000200                        _Min_Heap_Size = 0x200
                0x00000400                        _Min_Stack_Size = 0x400

.isr_vector     0x08000000      0x198
                0x08000000                        . = ALIGN (0x4)
 *(.isr_vector)
 .isr_vector    0x08000000      0x198 ./Startup/startup_stm32f411retx.o
                0x08000000                g_pfnVectors
                0x08000198                        . = ALIGN (0x4)

.text           0x080001a0     0x6f64
                0x080001a0                        . = ALIGN (0x4)
 *(.text)
 .text          0x080001a0       0x40 C:/ST/STM32CubeIDE_1.15.1/STM32CubeIDE/plugins/com.st.stm32cube.ide.mcu.externaltools.gnu-tools-for-stm32.12.3.rel1.win32_1.0.100.202403111256/tools/bin/../lib/gcc/arm-none-eabi/12.3.1/thumb/v7e-m+fp/hard/crtbegin.o
 .text          0x080001e0       0x14 C:/ST/STM32CubeIDE_1.15.1/STM32CubeIDE/plugins/com.st.stm32cube.ide.mcu.externaltools.gnu-tools-for-stm32.12.3.rel1.win32_1.0.100.202403111256/tools/bin/../lib/gcc/arm-none-eabi/12.3.1/../../../../arm-none-eabi/lib/thumb/v7e-m+fp/hard\libc_nano.a(libc_a-strcmp.o)
                0x080001e0                strcmp
 .text          0x080001f4       0x10 C:/ST/STM32CubeIDE_1.15.1/STM32CubeIDE/plugins/com.st.stm32cube.ide.mcu.externaltools.gnu-tools-for-stm32.12.3.rel1.win32_1.0.100.202403111256/tools/bin/../lib/gcc/arm-none-eabi/12.3.1/../../../../arm-none-eabi/lib/thumb/v7e-m+fp/hard\libc_nano.a(libc_a-strlen.o)
                0x080001f4                strlen
 *fill*         0x08000204        0xc 
 .text          0x08000210       0xa0 C:/ST/STM32CubeIDE_1.15.1/STM32CubeIDE/plugins/com.st.stm32cube.ide.mcu.externaltools.gnu-tools-for-stm32.12.3.rel1.win32_1.0.100.202403111256/tools/bin/../lib/gcc/arm-none-eabi/12.3.1/../../../../arm-none-eabi/lib/thumb/v7e-m+fp/hard\libc_nano.a(libc_a-memchr.o)
                0x08000210                memchr
 *(.text*)
 .text.pa1_adc_init
                0x080002b0       0x64 ./Src/adc.o
                0x080002b0                pa1_adc_init
 .text.start_conversion
                0x08000314       0x2c ./Src/adc.o
                0x08000314                start_conversion
 .text.adc_read
                0x08000340       0x24 ./Src/adc.o
                0x08000340                adc_read
 .text.led_init
                0x08000364       0x3c ./Src/bsp.o
                0x08000364                led_init
 .text.button_init
                0x080003a0       0x3c ./Src/bsp.o
                0x080003a0                button_init
 .text.get16    0x080003dc       0x2e ./Src/dns.o
                0x080003dc                get16
 .text.put16    0x0800040a       0x36 ./Src/dns.o
                0x0800040a                put16
 .text.parse_name
                0x08000440      0x10e ./Src/dns.o
                0x08000440                parse_name
 .text.dns_question
                0x0800054e       0x4a ./Src/dns.o
                0x0800054e                dns_question
 .text.dns_answer
                0x08000598      0x228 ./Src/dns.o
                0x08000598                dns_answer
 .text.parseDNSMSG
                0x080007c0      0x18e ./Src/dns.o
                0x080007c0                parseDNSMSG
 *fill*         0x0800094e        0x2 
 .text.dns_makequery
                0x08000950      0x17c ./Src/dns.o
                0x08000950                dns_makequery
 .text.check_DNS_timeout
                0x08000acc       0x4c ./Src/dns.o
                0x08000acc                check_DNS_timeout
 .text.DNS_init
                0x08000b18       0x38 ./Src/dns.o
                0x08000b18                DNS_init
 .text.DNS_run  0x08000b50      0x10c ./Src/dns.o
                0x08000b50                DNS_run
 .text.fpu_enable
                0x08000c5c       0x54 ./Src/fpu.o
                0x08000c5c                fpu_enable
 .text.httpc_init
                0x08000cb0       0x7c ./Src/httpClient.o
                0x08000cb0                httpc_init
 .text.httpc_connection_handler
                0x08000d2c      0x1e4 ./Src/httpClient.o
                0x08000d2c                httpc_connection_handler
 .text.httpc_connect
                0x08000f10       0x58 ./Src/httpClient.o
                0x08000f10                httpc_connect
 .text.httpc_send_header
                0x08000f68      0x198 ./Src/httpClient.o
                0x08000f68                httpc_send_header
 .text.httpc_send_body
                0x08001100       0x90 ./Src/httpClient.o
                0x08001100                httpc_send_body
 .text.get_httpc_any_port
                0x08001190       0x7c ./Src/httpClient.o
                0x08001190                get_httpc_any_port
 .text.check_cable_connection
                0x0800120c       0x4c ./Src/main.o
                0x0800120c                check_cable_connection
 .text.display_phy_config
                0x08001258       0x98 ./Src/main.o
                0x08001258                display_phy_config
 .text.main     0x080012f0      0x178 ./Src/main.o
                0x080012f0                main
 .text.process_dns
                0x08001468       0x70 ./Src/main.o
                0x08001468                process_dns
 .text.spi1_gpio_init
                0x080014d8      0x108 ./Src/spi.o
                0x080014d8                spi1_gpio_init
 .text.spi_init
                0x080015e0       0xd0 ./Src/spi.o
                0x080015e0                spi_init
 .text.spi_transmit
                0x080016b0      0x240 ./Src/spi.o
                0x080016b0                spi_transmit
 .text.spi_receive
                0x080018f0      0x1da ./Src/spi.o
                0x080018f0                spi_receive
 .text.spi_transmit_receive
                0x08001aca      0x292 ./Src/spi.o
                0x08001aca                spi_transmit_receive
 .text._getpid  0x08001d5c       0x10 ./Src/syscalls.o
                0x08001d5c                _getpid
 .text._kill    0x08001d6c       0x20 ./Src/syscalls.o
                0x08001d6c                _kill
 .text._exit    0x08001d8c       0x16 ./Src/syscalls.o
                0x08001d8c                _exit
 .text._read    0x08001da2       0x3a ./Src/syscalls.o
                0x08001da2                _read
 .text._write   0x08001ddc       0x38 ./Src/syscalls.o
                0x08001ddc                _write
 .text._close   0x08001e14       0x18 ./Src/syscalls.o
                0x08001e14                _close
 .text._fstat   0x08001e2c       0x20 ./Src/syscalls.o
                0x08001e2c                _fstat
 .text._isatty  0x08001e4c       0x16 ./Src/syscalls.o
                0x08001e4c                _isatty
 .text._lseek   0x08001e62       0x1a ./Src/syscalls.o
                0x08001e62                _lseek
 .text._sbrk    0x08001e7c       0x6c ./Src/sysmem.o
                0x08001e7c                _sbrk
 .text.delay    0x08001ee8       0x3c ./Src/timebase.o
                0x08001ee8                delay
 .text.get_tick
                0x08001f24       0x2c ./Src/timebase.o
                0x08001f24                get_tick
 .text.tick_increment
                0x08001f50       0x1c ./Src/timebase.o
 .text.timebase_init
                0x08001f6c       0x48 ./Src/timebase.o
                0x08001f6c                timebase_init
 .text.SysTick_Handler
                0x08001fb4        0xc ./Src/timebase.o
                0x08001fb4                SysTick_Handler
 .text.__io_putchar
                0x08001fc0       0x18 ./Src/uart.o
                0x08001fc0                __io_putchar
 .text.debug_uart_init
                0x08001fd8       0x94 ./Src/uart.o
                0x08001fd8                debug_uart_init
 .text.uart_write
                0x0800206c       0x30 ./Src/uart.o
 .text.compute_uart_bd
                0x0800209c       0x26 ./Src/uart.o
 *fill*         0x080020c2        0x2 
 .text.uart_set_baudrate
                0x080020c4       0x28 ./Src/uart.o
 .text.ip_assigned_callback
                0x080020ec       0x18 ./Src/w5500_driver.o
                0x080020ec                ip_assigned_callback
 .text.ip_update_callback
                0x08002104       0x18 ./Src/w5500_driver.o
                0x08002104                ip_update_callback
 .text.ip_conflict_callback
                0x0800211c       0x18 ./Src/w5500_driver.o
                0x0800211c                ip_conflict_callback
 .text.wizchip_cs_pin_init
                0x08002134       0x3c ./Src/w5500_driver.o
                0x08002134                wizchip_cs_pin_init
 .text.wizchip_pin_cs_select
                0x08002170       0x20 ./Src/w5500_driver.o
                0x08002170                wizchip_pin_cs_select
 .text.wizchip_pin_cs_deselect
                0x08002190       0x20 ./Src/w5500_driver.o
                0x08002190                wizchip_pin_cs_deselect
 .text.wizchip_read_burst
                0x080021b0       0x28 ./Src/w5500_driver.o
                0x080021b0                wizchip_read_burst
 .text.wizchip_read_byte
                0x080021d8       0x1a ./Src/w5500_driver.o
                0x080021d8                wizchip_read_byte
 *fill*         0x080021f2        0x2 
 .text.wizchip_write_burst
                0x080021f4       0x28 ./Src/w5500_driver.o
                0x080021f4                wizchip_write_burst
 .text.wizchip_write_byte
                0x0800221c       0x1c ./Src/w5500_driver.o
                0x0800221c                wizchip_write_byte
 .text.w5500_spi_init
                0x08002238       0x58 ./Src/w5500_driver.o
                0x08002238                w5500_spi_init
 .text.w5500_init
                0x08002290      0x194 ./Src/w5500_driver.o
                0x08002290                w5500_init
 .text.Reset_Handler
                0x08002424       0x50 ./Startup/startup_stm32f411retx.o
                0x08002424                Reset_Handler
 .text.Default_Handler
                0x08002474        0x2 ./Startup/startup_stm32f411retx.o
                0x08002474                RTC_Alarm_IRQHandler
                0x08002474                EXTI2_IRQHandler
                0x08002474                DebugMon_Handler
                0x08002474                SPI4_IRQHandler
                0x08002474                TIM1_CC_IRQHandler
                0x08002474                DMA2_Stream5_IRQHandler
                0x08002474                HardFault_Handler
                0x08002474                DMA1_Stream5_IRQHandler
                0x08002474                PVD_IRQHandler
                0x08002474                SDIO_IRQHandler
                0x08002474                TAMP_STAMP_IRQHandler
                0x08002474                PendSV_Handler
                0x08002474                NMI_Handler
                0x08002474                EXTI3_IRQHandler
                0x08002474                TIM1_UP_TIM10_IRQHandler
                0x08002474                I2C3_ER_IRQHandler
                0x08002474                EXTI0_IRQHandler
                0x08002474                I2C2_EV_IRQHandler
                0x08002474                DMA1_Stream2_IRQHandler
                0x08002474                FPU_IRQHandler
                0x08002474                UsageFault_Handler
                0x08002474                DMA2_Stream2_IRQHandler
                0x08002474                SPI1_IRQHandler
                0x08002474                TIM1_BRK_TIM9_IRQHandler
                0x08002474                DMA2_Stream3_IRQHandler
                0x08002474                USART6_IRQHandler
                0x08002474                DMA2_Stream0_IRQHandler
                0x08002474                TIM4_IRQHandler
                0x08002474                I2C1_EV_IRQHandler
                0x08002474                DMA1_Stream6_IRQHandler
                0x08002474                DMA1_Stream1_IRQHandler
                0x08002474                TIM3_IRQHandler
                0x08002474                RCC_IRQHandler
                0x08002474                Default_Handler
                0x08002474                EXTI15_10_IRQHandler
                0x08002474                ADC_IRQHandler
                0x08002474                DMA1_Stream7_IRQHandler
                0x08002474                SPI5_IRQHandler
                0x08002474                TIM5_IRQHandler
                0x08002474                DMA2_Stream7_IRQHandler
                0x08002474                I2C3_EV_IRQHandler
                0x08002474                EXTI9_5_IRQHandler
                0x08002474                RTC_WKUP_IRQHandler
                0x08002474                SPI2_IRQHandler
                0x08002474                MemManage_Handler
                0x08002474                DMA1_Stream0_IRQHandler
                0x08002474                SVC_Handler
                0x08002474                EXTI4_IRQHandler
                0x08002474                WWDG_IRQHandler
                0x08002474                TIM2_IRQHandler
                0x08002474                OTG_FS_WKUP_IRQHandler
                0x08002474                TIM1_TRG_COM_TIM11_IRQHandler
                0x08002474                EXTI1_IRQHandler
                0x08002474                USART2_IRQHandler
                0x08002474                I2C2_ER_IRQHandler
                0x08002474                DMA2_Stream1_IRQHandler
                0x08002474                FLASH_IRQHandler
                0x08002474                DMA2_Stream4_IRQHandler
                0x08002474                BusFault_Handler
                0x08002474                USART1_IRQHandler
                0x08002474                OTG_FS_IRQHandler
                0x08002474                SPI3_IRQHandler
                0x08002474                DMA1_Stream4_IRQHandler
                0x08002474                I2C1_ER_IRQHandler
                0x08002474                DMA2_Stream6_IRQHandler
                0x08002474                DMA1_Stream3_IRQHandler
 *fill*         0x08002476        0x2 
 .text.default_ip_assign
                0x08002478       0x38 ./Wiznet_W5500/dhcp.o
                0x08002478                default_ip_assign
 .text.default_ip_update
                0x080024b0       0x2c ./Wiznet_W5500/dhcp.o
                0x080024b0                default_ip_update
 .text.default_ip_conflict
                0x080024dc       0x28 ./Wiznet_W5500/dhcp.o
                0x080024dc                default_ip_conflict
 .text.reg_dhcp_cbfunc
                0x08002504       0x68 ./Wiznet_W5500/dhcp.o
                0x08002504                reg_dhcp_cbfunc
 .text.makeDHCPMSG
                0x0800256c      0x1ec ./Wiznet_W5500/dhcp.o
                0x0800256c                makeDHCPMSG
 .text.send_DHCP_DISCOVER
                0x08002758      0x38c ./Wiznet_W5500/dhcp.o
                0x08002758                send_DHCP_DISCOVER
 .text.send_DHCP_REQUEST
                0x08002ae4      0x514 ./Wiznet_W5500/dhcp.o
                0x08002ae4                send_DHCP_REQUEST
 .text.send_DHCP_DECLINE
                0x08002ff8      0x2a4 ./Wiznet_W5500/dhcp.o
                0x08002ff8                send_DHCP_DECLINE
 .text.parseDHCPMSG
                0x0800329c      0x43c ./Wiznet_W5500/dhcp.o
                0x0800329c                parseDHCPMSG
 .text.DHCP_run
                0x080036d8      0x234 ./Wiznet_W5500/dhcp.o
                0x080036d8                DHCP_run
 .text.check_DHCP_timeout
                0x0800390c       0xc0 ./Wiznet_W5500/dhcp.o
                0x0800390c                check_DHCP_timeout
 .text.check_DHCP_leasedIP
                0x080039cc       0x7c ./Wiznet_W5500/dhcp.o
                0x080039cc                check_DHCP_leasedIP
 .text.DHCP_init
                0x08003a48      0x128 ./Wiznet_W5500/dhcp.o
                0x08003a48                DHCP_init
 .text.reset_DHCP_timeout
                0x08003b70       0x2c ./Wiznet_W5500/dhcp.o
                0x08003b70                reset_DHCP_timeout
 .text.getIPfromDHCP
                0x08003b9c       0x40 ./Wiznet_W5500/dhcp.o
                0x08003b9c                getIPfromDHCP
 .text.getGWfromDHCP
                0x08003bdc       0x40 ./Wiznet_W5500/dhcp.o
                0x08003bdc                getGWfromDHCP
 .text.getSNfromDHCP
                0x08003c1c       0x40 ./Wiznet_W5500/dhcp.o
                0x08003c1c                getSNfromDHCP
 .text.NibbleToHex
                0x08003c5c       0x32 ./Wiznet_W5500/dhcp.o
                0x08003c5c                NibbleToHex
 *fill*         0x08003c8e        0x2 
 .text.socket   0x08003c90      0x228 ./Wiznet_W5500/socket.o
                0x08003c90                socket
 .text.close    0x08003eb8       0xdc ./Wiznet_W5500/socket.o
                0x08003eb8                close
 .text.connect  0x08003f94      0x1b8 ./Wiznet_W5500/socket.o
                0x08003f94                connect
 .text.disconnect
                0x0800414c       0xec ./Wiznet_W5500/socket.o
                0x0800414c                disconnect
 .text.send     0x08004238      0x1f0 ./Wiznet_W5500/socket.o
                0x08004238                send
 .text.sendto   0x08004428      0x268 ./Wiznet_W5500/socket.o
                0x08004428                sendto
 .text.recvfrom
                0x08004690      0x3d8 ./Wiznet_W5500/socket.o
                0x08004690                recvfrom
 .text.getsockopt
                0x08004a68      0x228 ./Wiznet_W5500/socket.o
                0x08004a68                getsockopt
 .text.WIZCHIP_READ
                0x08004c90       0x98 ./Wiznet_W5500/w5500.o
                0x08004c90                WIZCHIP_READ
 .text.WIZCHIP_WRITE
                0x08004d28       0x9c ./Wiznet_W5500/w5500.o
                0x08004d28                WIZCHIP_WRITE
 .text.WIZCHIP_READ_BUF
                0x08004dc4       0xc0 ./Wiznet_W5500/w5500.o
                0x08004dc4                WIZCHIP_READ_BUF
 .text.WIZCHIP_WRITE_BUF
                0x08004e84       0xc0 ./Wiznet_W5500/w5500.o
                0x08004e84                WIZCHIP_WRITE_BUF
 .text.getSn_TX_FSR
                0x08004f44       0x92 ./Wiznet_W5500/w5500.o
                0x08004f44                getSn_TX_FSR
 .text.getSn_RX_RSR
                0x08004fd6       0x92 ./Wiznet_W5500/w5500.o
                0x08004fd6                getSn_RX_RSR
 .text.wiz_send_data
                0x08005068       0xb4 ./Wiznet_W5500/w5500.o
                0x08005068                wiz_send_data
 .text.wiz_recv_data
                0x0800511c       0xb4 ./Wiznet_W5500/w5500.o
                0x0800511c                wiz_recv_data
 .text.wiz_recv_ignore
                0x080051d0       0x8c ./Wiznet_W5500/w5500.o
                0x080051d0                wiz_recv_ignore
 .text.wizchip_cris_enter
                0x0800525c        0xe ./Wiznet_W5500/wizchip_conf.o
                0x0800525c                wizchip_cris_enter
 .text.wizchip_cris_exit
                0x0800526a        0xe ./Wiznet_W5500/wizchip_conf.o
                0x0800526a                wizchip_cris_exit
 .text.wizchip_cs_select
                0x08005278        0xe ./Wiznet_W5500/wizchip_conf.o
                0x08005278                wizchip_cs_select
 .text.wizchip_cs_deselect
                0x08005286        0xe ./Wiznet_W5500/wizchip_conf.o
                0x08005286                wizchip_cs_deselect
 .text.wizchip_bus_readdata
                0x08005294       0x1a ./Wiznet_W5500/wizchip_conf.o
                0x08005294                wizchip_bus_readdata
 .text.wizchip_bus_writedata
                0x080052ae       0x1e ./Wiznet_W5500/wizchip_conf.o
                0x080052ae                wizchip_bus_writedata
 .text.wizchip_spi_readbyte
                0x080052cc       0x10 ./Wiznet_W5500/wizchip_conf.o
                0x080052cc                wizchip_spi_readbyte
 .text.wizchip_spi_writebyte
                0x080052dc       0x16 ./Wiznet_W5500/wizchip_conf.o
                0x080052dc                wizchip_spi_writebyte
 .text.wizchip_spi_readburst
                0x080052f2       0x18 ./Wiznet_W5500/wizchip_conf.o
                0x080052f2                wizchip_spi_readburst
 .text.wizchip_spi_writeburst
                0x0800530a       0x18 ./Wiznet_W5500/wizchip_conf.o
                0x0800530a                wizchip_spi_writeburst
 *fill*         0x08005322        0x2 
 .text.reg_wizchip_cs_cbfunc
                0x08005324       0x4c ./Wiznet_W5500/wizchip_conf.o
                0x08005324                reg_wizchip_cs_cbfunc
 .text.reg_wizchip_spi_cbfunc
                0x08005370       0x58 ./Wiznet_W5500/wizchip_conf.o
                0x08005370                reg_wizchip_spi_cbfunc
 .text.reg_wizchip_spiburst_cbfunc
                0x080053c8       0x58 ./Wiznet_W5500/wizchip_conf.o
                0x080053c8                reg_wizchip_spiburst_cbfunc
 .text.ctlwizchip
                0x08005420      0x1c0 ./Wiznet_W5500/wizchip_conf.o
                0x08005420                ctlwizchip
 .text.wizchip_sw_reset
                0x080055e0       0x98 ./Wiznet_W5500/wizchip_conf.o
                0x080055e0                wizchip_sw_reset
 .text.wizchip_init
                0x08005678      0x118 ./Wiznet_W5500/wizchip_conf.o
                0x08005678                wizchip_init
 .text.wizchip_clrinterrupt
                0x08005790       0x68 ./Wiznet_W5500/wizchip_conf.o
                0x08005790                wizchip_clrinterrupt
 .text.wizchip_getinterrupt
                0x080057f8       0x4a ./Wiznet_W5500/wizchip_conf.o
                0x080057f8                wizchip_getinterrupt
 .text.wizchip_setinterruptmask
                0x08005842       0x36 ./Wiznet_W5500/wizchip_conf.o
                0x08005842                wizchip_setinterruptmask
 .text.wizchip_getinterruptmask
                0x08005878       0x46 ./Wiznet_W5500/wizchip_conf.o
                0x08005878                wizchip_getinterruptmask
 .text.wizphy_getphylink
                0x080058be       0x2c ./Wiznet_W5500/wizchip_conf.o
                0x080058be                wizphy_getphylink
 .text.wizphy_getphypmode
                0x080058ea       0x32 ./Wiznet_W5500/wizchip_conf.o
                0x080058ea                wizphy_getphypmode
 .text.wizphy_reset
                0x0800591c       0x4e ./Wiznet_W5500/wizchip_conf.o
                0x0800591c                wizphy_reset
 .text.wizphy_setphyconf
                0x0800596a       0x84 ./Wiznet_W5500/wizchip_conf.o
                0x0800596a                wizphy_setphyconf
 *fill*         0x080059ee        0x2 
 .text.wizphy_getphyconf
                0x080059f0       0xd4 ./Wiznet_W5500/wizchip_conf.o
                0x080059f0                wizphy_getphyconf
 .text.wizphy_setphypmode
                0x08005ac4       0x94 ./Wiznet_W5500/wizchip_conf.o
                0x08005ac4                wizphy_setphypmode
 .text.wizchip_setnetinfo
                0x08005b58       0x80 ./Wiznet_W5500/wizchip_conf.o
                0x08005b58                wizchip_setnetinfo
 .text.malloc   0x08005bd8       0x10 C:/ST/STM32CubeIDE_1.15.1/STM32CubeIDE/plugins/com.st.stm32cube.ide.mcu.externaltools.gnu-tools-for-stm32.12.3.rel1.win32_1.0.100.202403111256/tools/bin/../lib/gcc/arm-none-eabi/12.3.1/../../../../arm-none-eabi/lib/thumb/v7e-m+fp/hard\libc_nano.a(libc_a-malloc.o)
                0x08005bd8                malloc
 .text.sbrk_aligned
                0x08005be8       0x44 C:/ST/STM32CubeIDE_1.15.1/STM32CubeIDE/plugins/com.st.stm32cube.ide.mcu.externaltools.gnu-tools-for-stm32.12.3.rel1.win32_1.0.100.202403111256/tools/bin/../lib/gcc/arm-none-eabi/12.3.1/../../../../arm-none-eabi/lib/thumb/v7e-m+fp/hard\libc_nano.a(libc_a-mallocr.o)
 .text._malloc_r
                0x08005c2c      0x100 C:/ST/STM32CubeIDE_1.15.1/STM32CubeIDE/plugins/com.st.stm32cube.ide.mcu.externaltools.gnu-tools-for-stm32.12.3.rel1.win32_1.0.100.202403111256/tools/bin/../lib/gcc/arm-none-eabi/12.3.1/../../../../arm-none-eabi/lib/thumb/v7e-m+fp/hard\libc_nano.a(libc_a-mallocr.o)
                0x08005c2c                _malloc_r
 .text.__malloc_lock
                0x08005d2c        0xc C:/ST/STM32CubeIDE_1.15.1/STM32CubeIDE/plugins/com.st.stm32cube.ide.mcu.externaltools.gnu-tools-for-stm32.12.3.rel1.win32_1.0.100.202403111256/tools/bin/../lib/gcc/arm-none-eabi/12.3.1/../../../../arm-none-eabi/lib/thumb/v7e-m+fp/hard\libc_nano.a(libc_a-mlock.o)
                0x08005d2c                __malloc_lock
 .text.__malloc_unlock
                0x08005d38        0xc C:/ST/STM32CubeIDE_1.15.1/STM32CubeIDE/plugins/com.st.stm32cube.ide.mcu.externaltools.gnu-tools-for-stm32.12.3.rel1.win32_1.0.100.202403111256/tools/bin/../lib/gcc/arm-none-eabi/12.3.1/../../../../arm-none-eabi/lib/thumb/v7e-m+fp/hard\libc_nano.a(libc_a-mlock.o)
                0x08005d38                __malloc_unlock
 .text.rand     0x08005d44       0x7c C:/ST/STM32CubeIDE_1.15.1/STM32CubeIDE/plugins/com.st.stm32cube.ide.mcu.externaltools.gnu-tools-for-stm32.12.3.rel1.win32_1.0.100.202403111256/tools/bin/../lib/gcc/arm-none-eabi/12.3.1/../../../../arm-none-eabi/lib/thumb/v7e-m+fp/hard\libc_nano.a(libc_a-rand.o)
                0x08005d44                rand
 .text.std      0x08005dc0       0x6c C:/ST/STM32CubeIDE_1.15.1/STM32CubeIDE/plugins/com.st.stm32cube.ide.mcu.externaltools.gnu-tools-for-stm32.12.3.rel1.win32_1.0.100.202403111256/tools/bin/../lib/gcc/arm-none-eabi/12.3.1/../../../../arm-none-eabi/lib/thumb/v7e-m+fp/hard\libc_nano.a(libc_a-findfp.o)
 .text.stdio_exit_handler
                0x08005e2c       0x18 C:/ST/STM32CubeIDE_1.15.1/STM32CubeIDE/plugins/com.st.stm32cube.ide.mcu.externaltools.gnu-tools-for-stm32.12.3.rel1.win32_1.0.100.202403111256/tools/bin/../lib/gcc/arm-none-eabi/12.3.1/../../../../arm-none-eabi/lib/thumb/v7e-m+fp/hard\libc_nano.a(libc_a-findfp.o)
 .text.cleanup_stdio
                0x08005e44       0x40 C:/ST/STM32CubeIDE_1.15.1/STM32CubeIDE/plugins/com.st.stm32cube.ide.mcu.externaltools.gnu-tools-for-stm32.12.3.rel1.win32_1.0.100.202403111256/tools/bin/../lib/gcc/arm-none-eabi/12.3.1/../../../../arm-none-eabi/lib/thumb/v7e-m+fp/hard\libc_nano.a(libc_a-findfp.o)
 .text.global_stdio_init.part.0
                0x08005e84       0x3c C:/ST/STM32CubeIDE_1.15.1/STM32CubeIDE/plugins/com.st.stm32cube.ide.mcu.externaltools.gnu-tools-for-stm32.12.3.rel1.win32_1.0.100.202403111256/tools/bin/../lib/gcc/arm-none-eabi/12.3.1/../../../../arm-none-eabi/lib/thumb/v7e-m+fp/hard\libc_nano.a(libc_a-findfp.o)
 .text.__sfp_lock_acquire
                0x08005ec0        0xc C:/ST/STM32CubeIDE_1.15.1/STM32CubeIDE/plugins/com.st.stm32cube.ide.mcu.externaltools.gnu-tools-for-stm32.12.3.rel1.win32_1.0.100.202403111256/tools/bin/../lib/gcc/arm-none-eabi/12.3.1/../../../../arm-none-eabi/lib/thumb/v7e-m+fp/hard\libc_nano.a(libc_a-findfp.o)
                0x08005ec0                __sfp_lock_acquire
 .text.__sfp_lock_release
                0x08005ecc        0xc C:/ST/STM32CubeIDE_1.15.1/STM32CubeIDE/plugins/com.st.stm32cube.ide.mcu.externaltools.gnu-tools-for-stm32.12.3.rel1.win32_1.0.100.202403111256/tools/bin/../lib/gcc/arm-none-eabi/12.3.1/../../../../arm-none-eabi/lib/thumb/v7e-m+fp/hard\libc_nano.a(libc_a-findfp.o)
                0x08005ecc                __sfp_lock_release
 .text.__sinit  0x08005ed8       0x30 C:/ST/STM32CubeIDE_1.15.1/STM32CubeIDE/plugins/com.st.stm32cube.ide.mcu.externaltools.gnu-tools-for-stm32.12.3.rel1.win32_1.0.100.202403111256/tools/bin/../lib/gcc/arm-none-eabi/12.3.1/../../../../arm-none-eabi/lib/thumb/v7e-m+fp/hard\libc_nano.a(libc_a-findfp.o)
                0x08005ed8                __sinit
 .text._fwalk_sglue
                0x08005f08       0x3c C:/ST/STM32CubeIDE_1.15.1/STM32CubeIDE/plugins/com.st.stm32cube.ide.mcu.externaltools.gnu-tools-for-stm32.12.3.rel1.win32_1.0.100.202403111256/tools/bin/../lib/gcc/arm-none-eabi/12.3.1/../../../../arm-none-eabi/lib/thumb/v7e-m+fp/hard\libc_nano.a(libc_a-fwalk.o)
                0x08005f08                _fwalk_sglue
 .text.printf   0x08005f44       0x24 C:/ST/STM32CubeIDE_1.15.1/STM32CubeIDE/plugins/com.st.stm32cube.ide.mcu.externaltools.gnu-tools-for-stm32.12.3.rel1.win32_1.0.100.202403111256/tools/bin/../lib/gcc/arm-none-eabi/12.3.1/../../../../arm-none-eabi/lib/thumb/v7e-m+fp/hard\libc_nano.a(libc_a-printf.o)
                0x08005f44                iprintf
                0x08005f44                printf
 .text.putchar  0x08005f68       0x10 C:/ST/STM32CubeIDE_1.15.1/STM32CubeIDE/plugins/com.st.stm32cube.ide.mcu.externaltools.gnu-tools-for-stm32.12.3.rel1.win32_1.0.100.202403111256/tools/bin/../lib/gcc/arm-none-eabi/12.3.1/../../../../arm-none-eabi/lib/thumb/v7e-m+fp/hard\libc_nano.a(libc_a-putchar.o)
                0x08005f68                putchar
 .text._puts_r  0x08005f78       0xaa C:/ST/STM32CubeIDE_1.15.1/STM32CubeIDE/plugins/com.st.stm32cube.ide.mcu.externaltools.gnu-tools-for-stm32.12.3.rel1.win32_1.0.100.202403111256/tools/bin/../lib/gcc/arm-none-eabi/12.3.1/../../../../arm-none-eabi/lib/thumb/v7e-m+fp/hard\libc_nano.a(libc_a-puts.o)
                0x08005f78                _puts_r
 *fill*         0x08006022        0x2 
 .text.puts     0x08006024       0x10 C:/ST/STM32CubeIDE_1.15.1/STM32CubeIDE/plugins/com.st.stm32cube.ide.mcu.externaltools.gnu-tools-for-stm32.12.3.rel1.win32_1.0.100.202403111256/tools/bin/../lib/gcc/arm-none-eabi/12.3.1/../../../../arm-none-eabi/lib/thumb/v7e-m+fp/hard\libc_nano.a(libc_a-puts.o)
                0x08006024                puts
 .text.sprintf  0x08006034       0x40 C:/ST/STM32CubeIDE_1.15.1/STM32CubeIDE/plugins/com.st.stm32cube.ide.mcu.externaltools.gnu-tools-for-stm32.12.3.rel1.win32_1.0.100.202403111256/tools/bin/../lib/gcc/arm-none-eabi/12.3.1/../../../../arm-none-eabi/lib/thumb/v7e-m+fp/hard\libc_nano.a(libc_a-sprintf.o)
                0x08006034                siprintf
                0x08006034                sprintf
 .text.__sread  0x08006074       0x22 C:/ST/STM32CubeIDE_1.15.1/STM32CubeIDE/plugins/com.st.stm32cube.ide.mcu.externaltools.gnu-tools-for-stm32.12.3.rel1.win32_1.0.100.202403111256/tools/bin/../lib/gcc/arm-none-eabi/12.3.1/../../../../arm-none-eabi/lib/thumb/v7e-m+fp/hard\libc_nano.a(libc_a-stdio.o)
                0x08006074                __sread
 .text.__swrite
                0x08006096       0x38 C:/ST/STM32CubeIDE_1.15.1/STM32CubeIDE/plugins/com.st.stm32cube.ide.mcu.externaltools.gnu-tools-for-stm32.12.3.rel1.win32_1.0.100.202403111256/tools/bin/../lib/gcc/arm-none-eabi/12.3.1/../../../../arm-none-eabi/lib/thumb/v7e-m+fp/hard\libc_nano.a(libc_a-stdio.o)
                0x08006096                __swrite
 .text.__sseek  0x080060ce       0x24 C:/ST/STM32CubeIDE_1.15.1/STM32CubeIDE/plugins/com.st.stm32cube.ide.mcu.externaltools.gnu-tools-for-stm32.12.3.rel1.win32_1.0.100.202403111256/tools/bin/../lib/gcc/arm-none-eabi/12.3.1/../../../../arm-none-eabi/lib/thumb/v7e-m+fp/hard\libc_nano.a(libc_a-stdio.o)
                0x080060ce                __sseek
 .text.__sclose
                0x080060f2        0x8 C:/ST/STM32CubeIDE_1.15.1/STM32CubeIDE/plugins/com.st.stm32cube.ide.mcu.externaltools.gnu-tools-for-stm32.12.3.rel1.win32_1.0.100.202403111256/tools/bin/../lib/gcc/arm-none-eabi/12.3.1/../../../../arm-none-eabi/lib/thumb/v7e-m+fp/hard\libc_nano.a(libc_a-stdio.o)
                0x080060f2                __sclose
 .text.__swbuf_r
                0x080060fa       0x7c C:/ST/STM32CubeIDE_1.15.1/STM32CubeIDE/plugins/com.st.stm32cube.ide.mcu.externaltools.gnu-tools-for-stm32.12.3.rel1.win32_1.0.100.202403111256/tools/bin/../lib/gcc/arm-none-eabi/12.3.1/../../../../arm-none-eabi/lib/thumb/v7e-m+fp/hard\libc_nano.a(libc_a-wbuf.o)
                0x080060fa                __swbuf_r
 *fill*         0x08006176        0x2 
 .text.__swsetup_r
                0x08006178       0xac C:/ST/STM32CubeIDE_1.15.1/STM32CubeIDE/plugins/com.st.stm32cube.ide.mcu.externaltools.gnu-tools-for-stm32.12.3.rel1.win32_1.0.100.202403111256/tools/bin/../lib/gcc/arm-none-eabi/12.3.1/../../../../arm-none-eabi/lib/thumb/v7e-m+fp/hard\libc_nano.a(libc_a-wsetup.o)
                0x08006178                __swsetup_r
 .text.memset   0x08006224       0x10 C:/ST/STM32CubeIDE_1.15.1/STM32CubeIDE/plugins/com.st.stm32cube.ide.mcu.externaltools.gnu-tools-for-stm32.12.3.rel1.win32_1.0.100.202403111256/tools/bin/../lib/gcc/arm-none-eabi/12.3.1/../../../../arm-none-eabi/lib/thumb/v7e-m+fp/hard\libc_nano.a(libc_a-memset.o)
                0x08006224                memset
 .text.strchr   0x08006234       0x1a C:/ST/STM32CubeIDE_1.15.1/STM32CubeIDE/plugins/com.st.stm32cube.ide.mcu.externaltools.gnu-tools-for-stm32.12.3.rel1.win32_1.0.100.202403111256/tools/bin/../lib/gcc/arm-none-eabi/12.3.1/../../../../arm-none-eabi/lib/thumb/v7e-m+fp/hard\libc_nano.a(libc_a-strchr.o)
                0x08006234                strchr
 .text.strncpy  0x0800624e       0x26 C:/ST/STM32CubeIDE_1.15.1/STM32CubeIDE/plugins/com.st.stm32cube.ide.mcu.externaltools.gnu-tools-for-stm32.12.3.rel1.win32_1.0.100.202403111256/tools/bin/../lib/gcc/arm-none-eabi/12.3.1/../../../../arm-none-eabi/lib/thumb/v7e-m+fp/hard\libc_nano.a(libc_a-strncpy.o)
                0x0800624e                strncpy
 .text._close_r
                0x08006274       0x20 C:/ST/STM32CubeIDE_1.15.1/STM32CubeIDE/plugins/com.st.stm32cube.ide.mcu.externaltools.gnu-tools-for-stm32.12.3.rel1.win32_1.0.100.202403111256/tools/bin/../lib/gcc/arm-none-eabi/12.3.1/../../../../arm-none-eabi/lib/thumb/v7e-m+fp/hard\libc_nano.a(libc_a-closer.o)
                0x08006274                _close_r
 .text._lseek_r
                0x08006294       0x24 C:/ST/STM32CubeIDE_1.15.1/STM32CubeIDE/plugins/com.st.stm32cube.ide.mcu.externaltools.gnu-tools-for-stm32.12.3.rel1.win32_1.0.100.202403111256/tools/bin/../lib/gcc/arm-none-eabi/12.3.1/../../../../arm-none-eabi/lib/thumb/v7e-m+fp/hard\libc_nano.a(libc_a-lseekr.o)
                0x08006294                _lseek_r
 .text._read_r  0x080062b8       0x24 C:/ST/STM32CubeIDE_1.15.1/STM32CubeIDE/plugins/com.st.stm32cube.ide.mcu.externaltools.gnu-tools-for-stm32.12.3.rel1.win32_1.0.100.202403111256/tools/bin/../lib/gcc/arm-none-eabi/12.3.1/../../../../arm-none-eabi/lib/thumb/v7e-m+fp/hard\libc_nano.a(libc_a-readr.o)
                0x080062b8                _read_r
 .text._sbrk_r  0x080062dc       0x20 C:/ST/STM32CubeIDE_1.15.1/STM32CubeIDE/plugins/com.st.stm32cube.ide.mcu.externaltools.gnu-tools-for-stm32.12.3.rel1.win32_1.0.100.202403111256/tools/bin/../lib/gcc/arm-none-eabi/12.3.1/../../../../arm-none-eabi/lib/thumb/v7e-m+fp/hard\libc_nano.a(libc_a-sbrkr.o)
                0x080062dc                _sbrk_r
 .text._write_r
                0x080062fc       0x24 C:/ST/STM32CubeIDE_1.15.1/STM32CubeIDE/plugins/com.st.stm32cube.ide.mcu.externaltools.gnu-tools-for-stm32.12.3.rel1.win32_1.0.100.202403111256/tools/bin/../lib/gcc/arm-none-eabi/12.3.1/../../../../arm-none-eabi/lib/thumb/v7e-m+fp/hard\libc_nano.a(libc_a-writer.o)
                0x080062fc                _write_r
 .text.__errno  0x08006320        0xc C:/ST/STM32CubeIDE_1.15.1/STM32CubeIDE/plugins/com.st.stm32cube.ide.mcu.externaltools.gnu-tools-for-stm32.12.3.rel1.win32_1.0.100.202403111256/tools/bin/../lib/gcc/arm-none-eabi/12.3.1/../../../../arm-none-eabi/lib/thumb/v7e-m+fp/hard\libc_nano.a(libc_a-errno.o)
                0x08006320                __errno
 .text.__libc_init_array
                0x0800632c       0x48 C:/ST/STM32CubeIDE_1.15.1/STM32CubeIDE/plugins/com.st.stm32cube.ide.mcu.externaltools.gnu-tools-for-stm32.12.3.rel1.win32_1.0.100.202403111256/tools/bin/../lib/gcc/arm-none-eabi/12.3.1/../../../../arm-none-eabi/lib/thumb/v7e-m+fp/hard\libc_nano.a(libc_a-init.o)
                0x0800632c                __libc_init_array
 .text.__retarget_lock_init_recursive
                0x08006374        0x2 C:/ST/STM32CubeIDE_1.15.1/STM32CubeIDE/plugins/com.st.stm32cube.ide.mcu.externaltools.gnu-tools-for-stm32.12.3.rel1.win32_1.0.100.202403111256/tools/bin/../lib/gcc/arm-none-eabi/12.3.1/../../../../arm-none-eabi/lib/thumb/v7e-m+fp/hard\libc_nano.a(libc_a-lock.o)
                0x08006374                __retarget_lock_init_recursive
 .text.__retarget_lock_acquire_recursive
                0x08006376        0x2 C:/ST/STM32CubeIDE_1.15.1/STM32CubeIDE/plugins/com.st.stm32cube.ide.mcu.externaltools.gnu-tools-for-stm32.12.3.rel1.win32_1.0.100.202403111256/tools/bin/../lib/gcc/arm-none-eabi/12.3.1/../../../../arm-none-eabi/lib/thumb/v7e-m+fp/hard\libc_nano.a(libc_a-lock.o)
                0x08006376                __retarget_lock_acquire_recursive
 .text.__retarget_lock_release_recursive
                0x08006378        0x2 C:/ST/STM32CubeIDE_1.15.1/STM32CubeIDE/plugins/com.st.stm32cube.ide.mcu.externaltools.gnu-tools-for-stm32.12.3.rel1.win32_1.0.100.202403111256/tools/bin/../lib/gcc/arm-none-eabi/12.3.1/../../../../arm-none-eabi/lib/thumb/v7e-m+fp/hard\libc_nano.a(libc_a-lock.o)
                0x08006378                __retarget_lock_release_recursive
 .text.strcpy   0x0800637a       0x10 C:/ST/STM32CubeIDE_1.15.1/STM32CubeIDE/plugins/com.st.stm32cube.ide.mcu.externaltools.gnu-tools-for-stm32.12.3.rel1.win32_1.0.100.202403111256/tools/bin/../lib/gcc/arm-none-eabi/12.3.1/../../../../arm-none-eabi/lib/thumb/v7e-m+fp/hard\libc_nano.a(libc_a-strcpy.o)
                0x0800637a                strcpy
 .text.memcpy   0x0800638a       0x1c C:/ST/STM32CubeIDE_1.15.1/STM32CubeIDE/plugins/com.st.stm32cube.ide.mcu.externaltools.gnu-tools-for-stm32.12.3.rel1.win32_1.0.100.202403111256/tools/bin/../lib/gcc/arm-none-eabi/12.3.1/../../../../arm-none-eabi/lib/thumb/v7e-m+fp/hard\libc_nano.a(libc_a-memcpy-stub.o)
                0x0800638a                memcpy
 *fill*         0x080063a6        0x2 
 .text.__assert_func
                0x080063a8       0x3c C:/ST/STM32CubeIDE_1.15.1/STM32CubeIDE/plugins/com.st.stm32cube.ide.mcu.externaltools.gnu-tools-for-stm32.12.3.rel1.win32_1.0.100.202403111256/tools/bin/../lib/gcc/arm-none-eabi/12.3.1/../../../../arm-none-eabi/lib/thumb/v7e-m+fp/hard\libc_nano.a(libc_a-assert.o)
                0x080063a8                __assert_func
 .text._free_r  0x080063e4       0x94 C:/ST/STM32CubeIDE_1.15.1/STM32CubeIDE/plugins/com.st.stm32cube.ide.mcu.externaltools.gnu-tools-for-stm32.12.3.rel1.win32_1.0.100.202403111256/tools/bin/../lib/gcc/arm-none-eabi/12.3.1/../../../../arm-none-eabi/lib/thumb/v7e-m+fp/hard\libc_nano.a(libc_a-freer.o)
                0x080063e4                _free_r
 .text.__ssputs_r
                0x08006478       0xb6 C:/ST/STM32CubeIDE_1.15.1/STM32CubeIDE/plugins/com.st.stm32cube.ide.mcu.externaltools.gnu-tools-for-stm32.12.3.rel1.win32_1.0.100.202403111256/tools/bin/../lib/gcc/arm-none-eabi/12.3.1/../../../../arm-none-eabi/lib/thumb/v7e-m+fp/hard\libc_nano.a(libc_a-nano-svfprintf.o)
                0x08006478                __ssputs_r
 *fill*         0x0800652e        0x2 
 .text._svfprintf_r
                0x08006530      0x1f8 C:/ST/STM32CubeIDE_1.15.1/STM32CubeIDE/plugins/com.st.stm32cube.ide.mcu.externaltools.gnu-tools-for-stm32.12.3.rel1.win32_1.0.100.202403111256/tools/bin/../lib/gcc/arm-none-eabi/12.3.1/../../../../arm-none-eabi/lib/thumb/v7e-m+fp/hard\libc_nano.a(libc_a-nano-svfprintf.o)
                0x08006530                _svfiprintf_r
                0x08006530                _svfprintf_r
 .text.__sfputc_r
                0x08006728       0x2e C:/ST/STM32CubeIDE_1.15.1/STM32CubeIDE/plugins/com.st.stm32cube.ide.mcu.externaltools.gnu-tools-for-stm32.12.3.rel1.win32_1.0.100.202403111256/tools/bin/../lib/gcc/arm-none-eabi/12.3.1/../../../../arm-none-eabi/lib/thumb/v7e-m+fp/hard\libc_nano.a(libc_a-nano-vfprintf.o)
 .text.__sfputs_r
                0x08006756       0x24 C:/ST/STM32CubeIDE_1.15.1/STM32CubeIDE/plugins/com.st.stm32cube.ide.mcu.externaltools.gnu-tools-for-stm32.12.3.rel1.win32_1.0.100.202403111256/tools/bin/../lib/gcc/arm-none-eabi/12.3.1/../../../../arm-none-eabi/lib/thumb/v7e-m+fp/hard\libc_nano.a(libc_a-nano-vfprintf.o)
                0x08006756                __sfputs_r
 *fill*         0x0800677a        0x2 
 .text._vfprintf_r
                0x0800677c      0x230 C:/ST/STM32CubeIDE_1.15.1/STM32CubeIDE/plugins/com.st.stm32cube.ide.mcu.externaltools.gnu-tools-for-stm32.12.3.rel1.win32_1.0.100.202403111256/tools/bin/../lib/gcc/arm-none-eabi/12.3.1/../../../../arm-none-eabi/lib/thumb/v7e-m+fp/hard\libc_nano.a(libc_a-nano-vfprintf.o)
                0x0800677c                _vfprintf_r
                0x0800677c                _vfiprintf_r
 .text._printf_common
                0x080069ac       0xda C:/ST/STM32CubeIDE_1.15.1/STM32CubeIDE/plugins/com.st.stm32cube.ide.mcu.externaltools.gnu-tools-for-stm32.12.3.rel1.win32_1.0.100.202403111256/tools/bin/../lib/gcc/arm-none-eabi/12.3.1/../../../../arm-none-eabi/lib/thumb/v7e-m+fp/hard\libc_nano.a(libc_a-nano-vfprintf_i.o)
                0x080069ac                _printf_common
 *fill*         0x08006a86        0x2 
 .text._printf_i
                0x08006a88      0x240 C:/ST/STM32CubeIDE_1.15.1/STM32CubeIDE/plugins/com.st.stm32cube.ide.mcu.externaltools.gnu-tools-for-stm32.12.3.rel1.win32_1.0.100.202403111256/tools/bin/../lib/gcc/arm-none-eabi/12.3.1/../../../../arm-none-eabi/lib/thumb/v7e-m+fp/hard\libc_nano.a(libc_a-nano-vfprintf_i.o)
                0x08006a88                _printf_i
 .text.__sflush_r
                0x08006cc8      0x108 C:/ST/STM32CubeIDE_1.15.1/STM32CubeIDE/plugins/com.st.stm32cube.ide.mcu.externaltools.gnu-tools-for-stm32.12.3.rel1.win32_1.0.100.202403111256/tools/bin/../lib/gcc/arm-none-eabi/12.3.1/../../../../arm-none-eabi/lib/thumb/v7e-m+fp/hard\libc_nano.a(libc_a-fflush.o)
                0x08006cc8                __sflush_r
 .text._fflush_r
                0x08006dd0       0x50 C:/ST/STM32CubeIDE_1.15.1/STM32CubeIDE/plugins/com.st.stm32cube.ide.mcu.externaltools.gnu-tools-for-stm32.12.3.rel1.win32_1.0.100.202403111256/tools/bin/../lib/gcc/arm-none-eabi/12.3.1/../../../../arm-none-eabi/lib/thumb/v7e-m+fp/hard\libc_nano.a(libc_a-fflush.o)
                0x08006dd0                _fflush_r
 .text.fprintf  0x08006e20       0x24 C:/ST/STM32CubeIDE_1.15.1/STM32CubeIDE/plugins/com.st.stm32cube.ide.mcu.externaltools.gnu-tools-for-stm32.12.3.rel1.win32_1.0.100.202403111256/tools/bin/../lib/gcc/arm-none-eabi/12.3.1/../../../../arm-none-eabi/lib/thumb/v7e-m+fp/hard\libc_nano.a(libc_a-fprintf.o)
                0x08006e20                fiprintf
                0x08006e20                fprintf
 .text.__swhatbuf_r
                0x08006e44       0x4c C:/ST/STM32CubeIDE_1.15.1/STM32CubeIDE/plugins/com.st.stm32cube.ide.mcu.externaltools.gnu-tools-for-stm32.12.3.rel1.win32_1.0.100.202403111256/tools/bin/../lib/gcc/arm-none-eabi/12.3.1/../../../../arm-none-eabi/lib/thumb/v7e-m+fp/hard\libc_nano.a(libc_a-makebuf.o)
                0x08006e44                __swhatbuf_r
 .text.__smakebuf_r
                0x08006e90       0x78 C:/ST/STM32CubeIDE_1.15.1/STM32CubeIDE/plugins/com.st.stm32cube.ide.mcu.externaltools.gnu-tools-for-stm32.12.3.rel1.win32_1.0.100.202403111256/tools/bin/../lib/gcc/arm-none-eabi/12.3.1/../../../../arm-none-eabi/lib/thumb/v7e-m+fp/hard\libc_nano.a(libc_a-makebuf.o)
                0x08006e90                __smakebuf_r
 .text._putc_r  0x08006f08       0x68 C:/ST/STM32CubeIDE_1.15.1/STM32CubeIDE/plugins/com.st.stm32cube.ide.mcu.externaltools.gnu-tools-for-stm32.12.3.rel1.win32_1.0.100.202403111256/tools/bin/../lib/gcc/arm-none-eabi/12.3.1/../../../../arm-none-eabi/lib/thumb/v7e-m+fp/hard\libc_nano.a(libc_a-putc.o)
                0x08006f08                _putc_r
 .text.memmove  0x08006f70       0x34 C:/ST/STM32CubeIDE_1.15.1/STM32CubeIDE/plugins/com.st.stm32cube.ide.mcu.externaltools.gnu-tools-for-stm32.12.3.rel1.win32_1.0.100.202403111256/tools/bin/../lib/gcc/arm-none-eabi/12.3.1/../../../../arm-none-eabi/lib/thumb/v7e-m+fp/hard\libc_nano.a(libc_a-memmove.o)
                0x08006f70                memmove
 .text._fstat_r
                0x08006fa4       0x24 C:/ST/STM32CubeIDE_1.15.1/STM32CubeIDE/plugins/com.st.stm32cube.ide.mcu.externaltools.gnu-tools-for-stm32.12.3.rel1.win32_1.0.100.202403111256/tools/bin/../lib/gcc/arm-none-eabi/12.3.1/../../../../arm-none-eabi/lib/thumb/v7e-m+fp/hard\libc_nano.a(libc_a-fstatr.o)
                0x08006fa4                _fstat_r
 .text._isatty_r
                0x08006fc8       0x20 C:/ST/STM32CubeIDE_1.15.1/STM32CubeIDE/plugins/com.st.stm32cube.ide.mcu.externaltools.gnu-tools-for-stm32.12.3.rel1.win32_1.0.100.202403111256/tools/bin/../lib/gcc/arm-none-eabi/12.3.1/../../../../arm-none-eabi/lib/thumb/v7e-m+fp/hard\libc_nano.a(libc_a-isattyr.o)
                0x08006fc8                _isatty_r
 .text.abort    0x08006fe8        0xe C:/ST/STM32CubeIDE_1.15.1/STM32CubeIDE/plugins/com.st.stm32cube.ide.mcu.externaltools.gnu-tools-for-stm32.12.3.rel1.win32_1.0.100.202403111256/tools/bin/../lib/gcc/arm-none-eabi/12.3.1/../../../../arm-none-eabi/lib/thumb/v7e-m+fp/hard\libc_nano.a(libc_a-abort.o)
                0x08006fe8                abort
 .text._realloc_r
                0x08006ff6       0x5c C:/ST/STM32CubeIDE_1.15.1/STM32CubeIDE/plugins/com.st.stm32cube.ide.mcu.externaltools.gnu-tools-for-stm32.12.3.rel1.win32_1.0.100.202403111256/tools/bin/../lib/gcc/arm-none-eabi/12.3.1/../../../../arm-none-eabi/lib/thumb/v7e-m+fp/hard\libc_nano.a(libc_a-reallocr.o)
                0x08006ff6                _realloc_r
 .text._raise_r
                0x08007052       0x50 C:/ST/STM32CubeIDE_1.15.1/STM32CubeIDE/plugins/com.st.stm32cube.ide.mcu.externaltools.gnu-tools-for-stm32.12.3.rel1.win32_1.0.100.202403111256/tools/bin/../lib/gcc/arm-none-eabi/12.3.1/../../../../arm-none-eabi/lib/thumb/v7e-m+fp/hard\libc_nano.a(libc_a-signal.o)
                0x08007052                _raise_r
 *fill*         0x080070a2        0x2 
 .text.raise    0x080070a4       0x10 C:/ST/STM32CubeIDE_1.15.1/STM32CubeIDE/plugins/com.st.stm32cube.ide.mcu.externaltools.gnu-tools-for-stm32.12.3.rel1.win32_1.0.100.202403111256/tools/bin/../lib/gcc/arm-none-eabi/12.3.1/../../../../arm-none-eabi/lib/thumb/v7e-m+fp/hard\libc_nano.a(libc_a-signal.o)
                0x080070a4                raise
 .text._kill_r  0x080070b4       0x24 C:/ST/STM32CubeIDE_1.15.1/STM32CubeIDE/plugins/com.st.stm32cube.ide.mcu.externaltools.gnu-tools-for-stm32.12.3.rel1.win32_1.0.100.202403111256/tools/bin/../lib/gcc/arm-none-eabi/12.3.1/../../../../arm-none-eabi/lib/thumb/v7e-m+fp/hard\libc_nano.a(libc_a-signalr.o)
                0x080070b4                _kill_r
 .text._getpid_r
                0x080070d8        0x4 C:/ST/STM32CubeIDE_1.15.1/STM32CubeIDE/plugins/com.st.stm32cube.ide.mcu.externaltools.gnu-tools-for-stm32.12.3.rel1.win32_1.0.100.202403111256/tools/bin/../lib/gcc/arm-none-eabi/12.3.1/../../../../arm-none-eabi/lib/thumb/v7e-m+fp/hard\libc_nano.a(libc_a-signalr.o)
                0x080070d8                _getpid_r
 .text._malloc_usable_size_r
                0x080070dc       0x10 C:/ST/STM32CubeIDE_1.15.1/STM32CubeIDE/plugins/com.st.stm32cube.ide.mcu.externaltools.gnu-tools-for-stm32.12.3.rel1.win32_1.0.100.202403111256/tools/bin/../lib/gcc/arm-none-eabi/12.3.1/../../../../arm-none-eabi/lib/thumb/v7e-m+fp/hard\libc_nano.a(libc_a-msizer.o)
                0x080070dc                _malloc_usable_size_r
 *(.glue_7)
 .glue_7        0x080070ec        0x0 linker stubs
 *(.glue_7t)
 .glue_7t       0x080070ec        0x0 linker stubs
 *(.eh_frame)
 .eh_frame      0x080070ec        0x0 C:/ST/STM32CubeIDE_1.15.1/STM32CubeIDE/plugins/com.st.stm32cube.ide.mcu.externaltools.gnu-tools-for-stm32.12.3.rel1.win32_1.0.100.202403111256/tools/bin/../lib/gcc/arm-none-eabi/12.3.1/thumb/v7e-m+fp/hard/crtbegin.o
 *(.init)
 .init          0x080070ec        0x4 C:/ST/STM32CubeIDE_1.15.1/STM32CubeIDE/plugins/com.st.stm32cube.ide.mcu.externaltools.gnu-tools-for-stm32.12.3.rel1.win32_1.0.100.202403111256/tools/bin/../lib/gcc/arm-none-eabi/12.3.1/thumb/v7e-m+fp/hard/crti.o
                0x080070ec                _init
 .init          0x080070f0        0x8 C:/ST/STM32CubeIDE_1.15.1/STM32CubeIDE/plugins/com.st.stm32cube.ide.mcu.externaltools.gnu-tools-for-stm32.12.3.rel1.win32_1.0.100.202403111256/tools/bin/../lib/gcc/arm-none-eabi/12.3.1/thumb/v7e-m+fp/hard/crtn.o
 *(.fini)
 .fini          0x080070f8        0x4 C:/ST/STM32CubeIDE_1.15.1/STM32CubeIDE/plugins/com.st.stm32cube.ide.mcu.externaltools.gnu-tools-for-stm32.12.3.rel1.win32_1.0.100.202403111256/tools/bin/../lib/gcc/arm-none-eabi/12.3.1/thumb/v7e-m+fp/hard/crti.o
                0x080070f8                _fini
 .fini          0x080070fc        0x8 C:/ST/STM32CubeIDE_1.15.1/STM32CubeIDE/plugins/com.st.stm32cube.ide.mcu.externaltools.gnu-tools-for-stm32.12.3.rel1.win32_1.0.100.202403111256/tools/bin/../lib/gcc/arm-none-eabi/12.3.1/thumb/v7e-m+fp/hard/crtn.o
                0x08007104                        . = ALIGN (0x4)
                0x08007104                        _etext = .

.vfp11_veneer   0x08007104        0x0
 .vfp11_veneer  0x08007104        0x0 linker stubs

.v4_bx          0x08007104        0x0
 .v4_bx         0x08007104        0x0 linker stubs

.iplt           0x08007104        0x0
 .iplt          0x08007104        0x0 C:/ST/STM32CubeIDE_1.15.1/STM32CubeIDE/plugins/com.st.stm32cube.ide.mcu.externaltools.gnu-tools-for-stm32.12.3.rel1.win32_1.0.100.202403111256/tools/bin/../lib/gcc/arm-none-eabi/12.3.1/thumb/v7e-m+fp/hard/crtbegin.o

.rodata         0x08007104      0x5fc
                0x08007104                        . = ALIGN (0x4)
 *(.rodata)
 .rodata        0x08007104      0x242 ./Src/httpClient.o
 *fill*         0x08007346        0x2 
 .rodata        0x08007348      0x232 ./Src/main.o
 *fill*         0x0800757a        0x2 
 .rodata        0x0800757c       0x94 ./Src/w5500_driver.o
 .rodata        0x08007610       0x12 ./Wiznet_W5500/dhcp.o
 *(.rodata*)
 .rodata.srand.str1.1
                0x08007622       0x6f C:/ST/STM32CubeIDE_1.15.1/STM32CubeIDE/plugins/com.st.stm32cube.ide.mcu.externaltools.gnu-tools-for-stm32.12.3.rel1.win32_1.0.100.202403111256/tools/bin/../lib/gcc/arm-none-eabi/12.3.1/../../../../arm-none-eabi/lib/thumb/v7e-m+fp/hard\libc_nano.a(libc_a-rand.o)
 .rodata.__assert_func.str1.1
                0x08007691       0x3c C:/ST/STM32CubeIDE_1.15.1/STM32CubeIDE/plugins/com.st.stm32cube.ide.mcu.externaltools.gnu-tools-for-stm32.12.3.rel1.win32_1.0.100.202403111256/tools/bin/../lib/gcc/arm-none-eabi/12.3.1/../../../../arm-none-eabi/lib/thumb/v7e-m+fp/hard\libc_nano.a(libc_a-assert.o)
                                 0x3d (size before relaxing)
 .rodata._svfprintf_r.str1.1
                0x080076cd       0x11 C:/ST/STM32CubeIDE_1.15.1/STM32CubeIDE/plugins/com.st.stm32cube.ide.mcu.externaltools.gnu-tools-for-stm32.12.3.rel1.win32_1.0.100.202403111256/tools/bin/../lib/gcc/arm-none-eabi/12.3.1/../../../../arm-none-eabi/lib/thumb/v7e-m+fp/hard\libc_nano.a(libc_a-nano-svfprintf.o)
 .rodata._vfprintf_r.str1.1
                0x080076de       0x11 C:/ST/STM32CubeIDE_1.15.1/STM32CubeIDE/plugins/com.st.stm32cube.ide.mcu.externaltools.gnu-tools-for-stm32.12.3.rel1.win32_1.0.100.202403111256/tools/bin/../lib/gcc/arm-none-eabi/12.3.1/../../../../arm-none-eabi/lib/thumb/v7e-m+fp/hard\libc_nano.a(libc_a-nano-vfprintf.o)
 .rodata._printf_i.str1.1
                0x080076de       0x22 C:/ST/STM32CubeIDE_1.15.1/STM32CubeIDE/plugins/com.st.stm32cube.ide.mcu.externaltools.gnu-tools-for-stm32.12.3.rel1.win32_1.0.100.202403111256/tools/bin/../lib/gcc/arm-none-eabi/12.3.1/../../../../arm-none-eabi/lib/thumb/v7e-m+fp/hard\libc_nano.a(libc_a-nano-vfprintf_i.o)
                0x08007700                        . = ALIGN (0x4)

.ARM.extab      0x08007700        0x0
                0x08007700                        . = ALIGN (0x4)
 *(.ARM.extab* .gnu.linkonce.armextab.*)
                0x08007700                        . = ALIGN (0x4)

.ARM            0x08007700        0x8
                0x08007700                        . = ALIGN (0x4)
                0x08007700                        __exidx_start = .
 *(.ARM.exidx*)
 .ARM.exidx     0x08007700        0x8 C:/ST/STM32CubeIDE_1.15.1/STM32CubeIDE/plugins/com.st.stm32cube.ide.mcu.externaltools.gnu-tools-for-stm32.12.3.rel1.win32_1.0.100.202403111256/tools/bin/../lib/gcc/arm-none-eabi/12.3.1/../../../../arm-none-eabi/lib/thumb/v7e-m+fp/hard\libc_nano.a(libc_a-strcmp.o)
 .ARM.exidx     0x08007708        0x0 C:/ST/STM32CubeIDE_1.15.1/STM32CubeIDE/plugins/com.st.stm32cube.ide.mcu.externaltools.gnu-tools-for-stm32.12.3.rel1.win32_1.0.100.202403111256/tools/bin/../lib/gcc/arm-none-eabi/12.3.1/../../../../arm-none-eabi/lib/thumb/v7e-m+fp/hard\libc_nano.a(libc_a-strlen.o)
                                  0x8 (size before relaxing)
 .ARM.exidx     0x08007708        0x0 C:/ST/STM32CubeIDE_1.15.1/STM32CubeIDE/plugins/com.st.stm32cube.ide.mcu.externaltools.gnu-tools-for-stm32.12.3.rel1.win32_1.0.100.202403111256/tools/bin/../lib/gcc/arm-none-eabi/12.3.1/../../../../arm-none-eabi/lib/thumb/v7e-m+fp/hard\libc_nano.a(libc_a-memchr.o)
                                  0x8 (size before relaxing)
                0x08007708                        __exidx_end = .
                0x08007708                        . = ALIGN (0x4)

.rel.dyn        0x08007708        0x0
 .rel.iplt      0x08007708        0x0 C:/ST/STM32CubeIDE_1.15.1/STM32CubeIDE/plugins/com.st.stm32cube.ide.mcu.externaltools.gnu-tools-for-stm32.12.3.rel1.win32_1.0.100.202403111256/tools/bin/../lib/gcc/arm-none-eabi/12.3.1/thumb/v7e-m+fp/hard/crtbegin.o

.preinit_array  0x08007708        0x0
                0x08007708                        . = ALIGN (0x4)
                0x08007708                        PROVIDE (__preinit_array_start = .)
 *(.preinit_array*)
                0x08007708                        PROVIDE (__preinit_array_end = .)
                0x08007708                        . = ALIGN (0x4)

.init_array     0x08007708        0x4
                0x08007708                        . = ALIGN (0x4)
                0x08007708                        PROVIDE (__init_array_start = .)
 *(SORT_BY_NAME(.init_array.*))
 *(.init_array*)
 .init_array    0x08007708        0x4 C:/ST/STM32CubeIDE_1.15.1/STM32CubeIDE/plugins/com.st.stm32cube.ide.mcu.externaltools.gnu-tools-for-stm32.12.3.rel1.win32_1.0.100.202403111256/tools/bin/../lib/gcc/arm-none-eabi/12.3.1/thumb/v7e-m+fp/hard/crtbegin.o
                0x0800770c                        PROVIDE (__init_array_end = .)
                0x0800770c                        . = ALIGN (0x4)

.fini_array     0x0800770c        0x4
                0x0800770c                        . = ALIGN (0x4)
                [!provide]                        PROVIDE (__fini_array_start = .)
 *(SORT_BY_NAME(.fini_array.*))
 *(.fini_array*)
 .fini_array    0x0800770c        0x4 C:/ST/STM32CubeIDE_1.15.1/STM32CubeIDE/plugins/com.st.stm32cube.ide.mcu.externaltools.gnu-tools-for-stm32.12.3.rel1.win32_1.0.100.202403111256/tools/bin/../lib/gcc/arm-none-eabi/12.3.1/thumb/v7e-m+fp/hard/crtbegin.o
                [!provide]                        PROVIDE (__fini_array_end = .)
                0x08007710                        . = ALIGN (0x4)
                0x08007710                        _sidata = LOADADDR (.data)

.data           0x20000000       0xe0 load address 0x08007710
                0x20000000                        . = ALIGN (0x4)
                0x20000000                        _sdata = .
 *(.data)
 *(.data*)
 .data.dns_server
                0x20000000        0x4 ./Src/main.o
                0x20000000                dns_server
 .data.domain_name
                0x20000004       0x1a ./Src/main.o
                0x20000004                domain_name
 *fill*         0x2000001e        0x2 
 .data.net_info
                0x20000020       0x17 ./Src/w5500_driver.o
                0x20000020                net_info
 *fill*         0x20000037        0x1 
 .data.dhcp_lease_time
                0x20000038        0x4 ./Wiznet_W5500/dhcp.o
                0x20000038                dhcp_lease_time
 .data.dhcp_tick_next
                0x2000003c        0x4 ./Wiznet_W5500/dhcp.o
                0x2000003c                dhcp_tick_next
 .data.HOST_NAME
                0x20000040        0x8 ./Wiznet_W5500/dhcp.o
                0x20000040                HOST_NAME
 .data.dhcp_ip_assign
                0x20000048        0x4 ./Wiznet_W5500/dhcp.o
                0x20000048                dhcp_ip_assign
 .data.dhcp_ip_update
                0x2000004c        0x4 ./Wiznet_W5500/dhcp.o
                0x2000004c                dhcp_ip_update
 .data.dhcp_ip_conflict
                0x20000050        0x4 ./Wiznet_W5500/dhcp.o
                0x20000050                dhcp_ip_conflict
 .data.sock_any_port
                0x20000054        0x2 ./Wiznet_W5500/socket.o
 *fill*         0x20000056        0x2 
 .data.WIZCHIP  0x20000058       0x2c ./Wiznet_W5500/wizchip_conf.o
                0x20000058                WIZCHIP
 .data.__sglue  0x20000084        0xc C:/ST/STM32CubeIDE_1.15.1/STM32CubeIDE/plugins/com.st.stm32cube.ide.mcu.externaltools.gnu-tools-for-stm32.12.3.rel1.win32_1.0.100.202403111256/tools/bin/../lib/gcc/arm-none-eabi/12.3.1/../../../../arm-none-eabi/lib/thumb/v7e-m+fp/hard\libc_nano.a(libc_a-findfp.o)
                0x20000084                __sglue
 .data._impure_ptr
                0x20000090        0x4 C:/ST/STM32CubeIDE_1.15.1/STM32CubeIDE/plugins/com.st.stm32cube.ide.mcu.externaltools.gnu-tools-for-stm32.12.3.rel1.win32_1.0.100.202403111256/tools/bin/../lib/gcc/arm-none-eabi/12.3.1/../../../../arm-none-eabi/lib/thumb/v7e-m+fp/hard\libc_nano.a(libc_a-impure.o)
                0x20000090                _impure_ptr
 .data._impure_data
                0x20000094       0x4c C:/ST/STM32CubeIDE_1.15.1/STM32CubeIDE/plugins/com.st.stm32cube.ide.mcu.externaltools.gnu-tools-for-stm32.12.3.rel1.win32_1.0.100.202403111256/tools/bin/../lib/gcc/arm-none-eabi/12.3.1/../../../../arm-none-eabi/lib/thumb/v7e-m+fp/hard\libc_nano.a(libc_a-impure.o)
                0x20000094                _impure_data
 *(.RamFunc)
 *(.RamFunc*)
                0x200000e0                        . = ALIGN (0x4)
                0x200000e0                        _edata = .

.igot.plt       0x200000e0        0x0 load address 0x080077f0
 .igot.plt      0x200000e0        0x0 C:/ST/STM32CubeIDE_1.15.1/STM32CubeIDE/plugins/com.st.stm32cube.ide.mcu.externaltools.gnu-tools-for-stm32.12.3.rel1.win32_1.0.100.202403111256/tools/bin/../lib/gcc/arm-none-eabi/12.3.1/thumb/v7e-m+fp/hard/crtbegin.o
                0x200000e0                        . = ALIGN (0x4)

.bss            0x200000e0     0x594c load address 0x080077f0
                0x200000e0                        _sbss = .
                0x200000e0                        __bss_start__ = _sbss
 *(.bss)
 .bss           0x200000e0       0x1c C:/ST/STM32CubeIDE_1.15.1/STM32CubeIDE/plugins/com.st.stm32cube.ide.mcu.externaltools.gnu-tools-for-stm32.12.3.rel1.win32_1.0.100.202403111256/tools/bin/../lib/gcc/arm-none-eabi/12.3.1/thumb/v7e-m+fp/hard/crtbegin.o
 *(.bss*)
 .bss.pDNSMSG   0x200000fc        0x4 ./Src/dns.o
                0x200000fc                pDNSMSG
 .bss.DNS_SOCKET
                0x20000100        0x1 ./Src/dns.o
                0x20000100                DNS_SOCKET
 *fill*         0x20000101        0x1 
 .bss.DNS_MSGID
                0x20000102        0x2 ./Src/dns.o
                0x20000102                DNS_MSGID
 .bss.dns_1s_tick
                0x20000104        0x4 ./Src/dns.o
                0x20000104                dns_1s_tick
 .bss.retry_count
                0x20000108        0x1 ./Src/dns.o
 *fill*         0x20000109        0x3 
 .bss.httpc_send_buf
                0x2000010c        0x4 ./Src/httpClient.o
                0x2000010c                httpc_send_buf
 .bss.httpc_recv_buf
                0x20000110        0x4 ./Src/httpClient.o
                0x20000110                httpc_recv_buf
 .bss.httpsock  0x20000114        0x1 ./Src/httpClient.o
 *fill*         0x20000115        0x3 
 .bss.dest_ip   0x20000118        0x4 ./Src/httpClient.o
 .bss.dest_port
                0x2000011c        0x2 ./Src/httpClient.o
 .bss.httpc_any_port
                0x2000011e        0x2 ./Src/httpClient.o
 .bss.httpc_isSockOpen
                0x20000120        0x1 ./Src/httpClient.o
                0x20000120                httpc_isSockOpen
 .bss.httpc_isConnected
                0x20000121        0x1 ./Src/httpClient.o
                0x20000121                httpc_isConnected
 .bss.httpc_isReceived
                0x20000122        0x2 ./Src/httpClient.o
                0x20000122                httpc_isReceived
 .bss.flag_process_dns_success
                0x20000124        0x1 ./Src/main.o
                0x20000124                flag_process_dns_success
 *fill*         0x20000125        0x3 
 .bss.domain_ip
                0x20000128        0x4 ./Src/main.o
                0x20000128                domain_ip
 .bss.data_buff
                0x2000012c     0x1b58 ./Src/main.o
                0x2000012c                data_buff
 .bss.g_send_buff
                0x20001c84     0x1b58 ./Src/main.o
                0x20001c84                g_send_buff
 .bss.g_recv_buff
                0x200037dc     0x1b58 ./Src/main.o
                0x200037dc                g_recv_buff
 .bss.sense_content
                0x20005334       0x50 ./Src/main.o
                0x20005334                sense_content
 .bss.sensorvalue
                0x20005384        0x2 ./Src/main.o
                0x20005384                sensorvalue
 *fill*         0x20005386        0x2 
 .bss.__sbrk_heap_end
                0x20005388        0x4 ./Src/sysmem.o
 .bss.g_curr_tick
                0x2000538c        0x4 ./Src/timebase.o
                0x2000538c                g_curr_tick
 .bss.g_curr_tick_p
                0x20005390        0x4 ./Src/timebase.o
                0x20005390                g_curr_tick_p
 .bss.hspi1     0x20005394       0x44 ./Src/w5500_driver.o
                0x20005394                hspi1
 .bss.temp_buffer
                0x200053d8       0xaa ./Src/w5500_driver.o
                0x200053d8                temp_buffer
 *fill*         0x20005482        0x2 
 .bss.dhcp_buffer
                0x20005484      0x400 ./Src/w5500_driver.o
                0x20005484                dhcp_buffer
 .bss.is_ip_assigned
                0x20005884        0x1 ./Src/w5500_driver.o
                0x20005884                is_ip_assigned
 .bss.DHCP_SOCKET
                0x20005885        0x1 ./Wiznet_W5500/dhcp.o
                0x20005885                DHCP_SOCKET
 *fill*         0x20005886        0x2 
 .bss.DHCP_SIP  0x20005888        0x4 ./Wiznet_W5500/dhcp.o
                0x20005888                DHCP_SIP
 .bss.DHCP_REAL_SIP
                0x2000588c        0x4 ./Wiznet_W5500/dhcp.o
                0x2000588c                DHCP_REAL_SIP
 .bss.OLD_allocated_ip
                0x20005890        0x4 ./Wiznet_W5500/dhcp.o
                0x20005890                OLD_allocated_ip
 .bss.DHCP_allocated_ip
                0x20005894        0x4 ./Wiznet_W5500/dhcp.o
                0x20005894                DHCP_allocated_ip
 .bss.DHCP_allocated_gw
                0x20005898        0x4 ./Wiznet_W5500/dhcp.o
                0x20005898                DHCP_allocated_gw
 .bss.DHCP_allocated_sn
                0x2000589c        0x4 ./Wiznet_W5500/dhcp.o
                0x2000589c                DHCP_allocated_sn
 .bss.DHCP_allocated_dns
                0x200058a0        0x4 ./Wiznet_W5500/dhcp.o
                0x200058a0                DHCP_allocated_dns
 .bss.dhcp_state
                0x200058a4        0x1 ./Wiznet_W5500/dhcp.o
                0x200058a4                dhcp_state
 .bss.dhcp_retry_count
                0x200058a5        0x1 ./Wiznet_W5500/dhcp.o
                0x200058a5                dhcp_retry_count
 *fill*         0x200058a6        0x2 
 .bss.dhcp_tick_1s
                0x200058a8        0x4 ./Wiznet_W5500/dhcp.o
                0x200058a8                dhcp_tick_1s
 .bss.DHCP_XID  0x200058ac        0x4 ./Wiznet_W5500/dhcp.o
                0x200058ac                DHCP_XID
 .bss.pDHCPMSG  0x200058b0        0x4 ./Wiznet_W5500/dhcp.o
                0x200058b0                pDHCPMSG
 .bss.DHCP_CHADDR
                0x200058b4        0x6 ./Wiznet_W5500/dhcp.o
                0x200058b4                DHCP_CHADDR
 .bss.sock_io_mode
                0x200058ba        0x2 ./Wiznet_W5500/socket.o
 .bss.sock_is_sending
                0x200058bc        0x2 ./Wiznet_W5500/socket.o
 *fill*         0x200058be        0x2 
 .bss.sock_remained_size
                0x200058c0       0x10 ./Wiznet_W5500/socket.o
 .bss.sock_pack_info
                0x200058d0        0x8 ./Wiznet_W5500/socket.o
                0x200058d0                sock_pack_info
 .bss._DNS_     0x200058d8        0x4 ./Wiznet_W5500/wizchip_conf.o
 .bss._DHCP_    0x200058dc        0x1 ./Wiznet_W5500/wizchip_conf.o
 *fill*         0x200058dd        0x3 
 .bss.__malloc_sbrk_start
                0x200058e0        0x4 C:/ST/STM32CubeIDE_1.15.1/STM32CubeIDE/plugins/com.st.stm32cube.ide.mcu.externaltools.gnu-tools-for-stm32.12.3.rel1.win32_1.0.100.202403111256/tools/bin/../lib/gcc/arm-none-eabi/12.3.1/../../../../arm-none-eabi/lib/thumb/v7e-m+fp/hard\libc_nano.a(libc_a-mallocr.o)
                0x200058e0                __malloc_sbrk_start
 .bss.__malloc_free_list
                0x200058e4        0x4 C:/ST/STM32CubeIDE_1.15.1/STM32CubeIDE/plugins/com.st.stm32cube.ide.mcu.externaltools.gnu-tools-for-stm32.12.3.rel1.win32_1.0.100.202403111256/tools/bin/../lib/gcc/arm-none-eabi/12.3.1/../../../../arm-none-eabi/lib/thumb/v7e-m+fp/hard\libc_nano.a(libc_a-mallocr.o)
                0x200058e4                __malloc_free_list
 .bss.__sf      0x200058e8      0x138 C:/ST/STM32CubeIDE_1.15.1/STM32CubeIDE/plugins/com.st.stm32cube.ide.mcu.externaltools.gnu-tools-for-stm32.12.3.rel1.win32_1.0.100.202403111256/tools/bin/../lib/gcc/arm-none-eabi/12.3.1/../../../../arm-none-eabi/lib/thumb/v7e-m+fp/hard\libc_nano.a(libc_a-findfp.o)
                0x200058e8                __sf
 .bss.__stdio_exit_handler
                0x20005a20        0x4 C:/ST/STM32CubeIDE_1.15.1/STM32CubeIDE/plugins/com.st.stm32cube.ide.mcu.externaltools.gnu-tools-for-stm32.12.3.rel1.win32_1.0.100.202403111256/tools/bin/../lib/gcc/arm-none-eabi/12.3.1/../../../../arm-none-eabi/lib/thumb/v7e-m+fp/hard\libc_nano.a(libc_a-findfp.o)
                0x20005a20                __stdio_exit_handler
 .bss.errno     0x20005a24        0x4 C:/ST/STM32CubeIDE_1.15.1/STM32CubeIDE/plugins/com.st.stm32cube.ide.mcu.externaltools.gnu-tools-for-stm32.12.3.rel1.win32_1.0.100.202403111256/tools/bin/../lib/gcc/arm-none-eabi/12.3.1/../../../../arm-none-eabi/lib/thumb/v7e-m+fp/hard\libc_nano.a(libc_a-reent.o)
                0x20005a24                errno
 .bss.__lock___malloc_recursive_mutex
                0x20005a28        0x1 C:/ST/STM32CubeIDE_1.15.1/STM32CubeIDE/plugins/com.st.stm32cube.ide.mcu.externaltools.gnu-tools-for-stm32.12.3.rel1.win32_1.0.100.202403111256/tools/bin/../lib/gcc/arm-none-eabi/12.3.1/../../../../arm-none-eabi/lib/thumb/v7e-m+fp/hard\libc_nano.a(libc_a-lock.o)
                0x20005a28                __lock___malloc_recursive_mutex
 .bss.__lock___sfp_recursive_mutex
                0x20005a29        0x1 C:/ST/STM32CubeIDE_1.15.1/STM32CubeIDE/plugins/com.st.stm32cube.ide.mcu.externaltools.gnu-tools-for-stm32.12.3.rel1.win32_1.0.100.202403111256/tools/bin/../lib/gcc/arm-none-eabi/12.3.1/../../../../arm-none-eabi/lib/thumb/v7e-m+fp/hard\libc_nano.a(libc_a-lock.o)
                0x20005a29                __lock___sfp_recursive_mutex
 *(COMMON)
                0x20005a2c                        . = ALIGN (0x4)
 *fill*         0x20005a2a        0x2 
                0x20005a2c                        _ebss = .
                0x20005a2c                        __bss_end__ = _ebss

._user_heap_stack
                0x20005a2c      0x604 load address 0x080077f0
                0x20005a30                        . = ALIGN (0x8)
 *fill*         0x20005a2c        0x4 
                [!provide]                        PROVIDE (end = .)
                0x20005a30                        PROVIDE (_end = .)
                0x20005c30                        . = (. + _Min_Heap_Size)
 *fill*         0x20005a30      0x200 
                0x20006030                        . = (. + _Min_Stack_Size)
 *fill*         0x20005c30      0x400 
                0x20006030                        . = ALIGN (0x8)

/DISCARD/
 libc.a(*)
 libm.a(*)
 libgcc.a(*)

.ARM.attributes
                0x00000000       0x30
 *(.ARM.attributes)
 .ARM.attributes
                0x00000000       0x22 C:/ST/STM32CubeIDE_1.15.1/STM32CubeIDE/plugins/com.st.stm32cube.ide.mcu.externaltools.gnu-tools-for-stm32.12.3.rel1.win32_1.0.100.202403111256/tools/bin/../lib/gcc/arm-none-eabi/12.3.1/thumb/v7e-m+fp/hard/crti.o
 .ARM.attributes
                0x00000022       0x34 C:/ST/STM32CubeIDE_1.15.1/STM32CubeIDE/plugins/com.st.stm32cube.ide.mcu.externaltools.gnu-tools-for-stm32.12.3.rel1.win32_1.0.100.202403111256/tools/bin/../lib/gcc/arm-none-eabi/12.3.1/thumb/v7e-m+fp/hard/crtbegin.o
 .ARM.attributes
                0x00000056       0x34 ./Src/adc.o
 .ARM.attributes
                0x0000008a       0x34 ./Src/bsp.o
 .ARM.attributes
                0x000000be       0x34 ./Src/dns.o
 .ARM.attributes
                0x000000f2       0x34 ./Src/fpu.o
 .ARM.attributes
                0x00000126       0x34 ./Src/httpClient.o
 .ARM.attributes
                0x0000015a       0x34 ./Src/main.o
 .ARM.attributes
                0x0000018e       0x34 ./Src/spi.o
 .ARM.attributes
                0x000001c2       0x34 ./Src/syscalls.o
 .ARM.attributes
                0x000001f6       0x34 ./Src/sysmem.o
 .ARM.attributes
                0x0000022a       0x34 ./Src/timebase.o
 .ARM.attributes
                0x0000025e       0x34 ./Src/uart.o
 .ARM.attributes
                0x00000292       0x34 ./Src/w5500_driver.o
 .ARM.attributes
                0x000002c6       0x21 ./Startup/startup_stm32f411retx.o
 .ARM.attributes
                0x000002e7       0x34 ./Wiznet_W5500/dhcp.o
 .ARM.attributes
                0x0000031b       0x34 ./Wiznet_W5500/socket.o
 .ARM.attributes
                0x0000034f       0x34 ./Wiznet_W5500/w5500.o
 .ARM.attributes
                0x00000383       0x34 ./Wiznet_W5500/wizchip_conf.o
 .ARM.attributes
                0x000003b7       0x34 C:/ST/STM32CubeIDE_1.15.1/STM32CubeIDE/plugins/com.st.stm32cube.ide.mcu.externaltools.gnu-tools-for-stm32.12.3.rel1.win32_1.0.100.202403111256/tools/bin/../lib/gcc/arm-none-eabi/12.3.1/../../../../arm-none-eabi/lib/thumb/v7e-m+fp/hard\libc_nano.a(libc_a-malloc.o)
 .ARM.attributes
                0x000003eb       0x34 C:/ST/STM32CubeIDE_1.15.1/STM32CubeIDE/plugins/com.st.stm32cube.ide.mcu.externaltools.gnu-tools-for-stm32.12.3.rel1.win32_1.0.100.202403111256/tools/bin/../lib/gcc/arm-none-eabi/12.3.1/../../../../arm-none-eabi/lib/thumb/v7e-m+fp/hard\libc_nano.a(libc_a-mallocr.o)
 .ARM.attributes
                0x0000041f       0x34 C:/ST/STM32CubeIDE_1.15.1/STM32CubeIDE/plugins/com.st.stm32cube.ide.mcu.externaltools.gnu-tools-for-stm32.12.3.rel1.win32_1.0.100.202403111256/tools/bin/../lib/gcc/arm-none-eabi/12.3.1/../../../../arm-none-eabi/lib/thumb/v7e-m+fp/hard\libc_nano.a(libc_a-mlock.o)
 .ARM.attributes
                0x00000453       0x34 C:/ST/STM32CubeIDE_1.15.1/STM32CubeIDE/plugins/com.st.stm32cube.ide.mcu.externaltools.gnu-tools-for-stm32.12.3.rel1.win32_1.0.100.202403111256/tools/bin/../lib/gcc/arm-none-eabi/12.3.1/../../../../arm-none-eabi/lib/thumb/v7e-m+fp/hard\libc_nano.a(libc_a-rand.o)
 .ARM.attributes
                0x00000487       0x34 C:/ST/STM32CubeIDE_1.15.1/STM32CubeIDE/plugins/com.st.stm32cube.ide.mcu.externaltools.gnu-tools-for-stm32.12.3.rel1.win32_1.0.100.202403111256/tools/bin/../lib/gcc/arm-none-eabi/12.3.1/../../../../arm-none-eabi/lib/thumb/v7e-m+fp/hard\libc_nano.a(libc_a-findfp.o)
 .ARM.attributes
                0x000004bb       0x34 C:/ST/STM32CubeIDE_1.15.1/STM32CubeIDE/plugins/com.st.stm32cube.ide.mcu.externaltools.gnu-tools-for-stm32.12.3.rel1.win32_1.0.100.202403111256/tools/bin/../lib/gcc/arm-none-eabi/12.3.1/../../../../arm-none-eabi/lib/thumb/v7e-m+fp/hard\libc_nano.a(libc_a-fwalk.o)
 .ARM.attributes
                0x000004ef       0x34 C:/ST/STM32CubeIDE_1.15.1/STM32CubeIDE/plugins/com.st.stm32cube.ide.mcu.externaltools.gnu-tools-for-stm32.12.3.rel1.win32_1.0.100.202403111256/tools/bin/../lib/gcc/arm-none-eabi/12.3.1/../../../../arm-none-eabi/lib/thumb/v7e-m+fp/hard\libc_nano.a(libc_a-printf.o)
 .ARM.attributes
                0x00000523       0x34 C:/ST/STM32CubeIDE_1.15.1/STM32CubeIDE/plugins/com.st.stm32cube.ide.mcu.externaltools.gnu-tools-for-stm32.12.3.rel1.win32_1.0.100.202403111256/tools/bin/../lib/gcc/arm-none-eabi/12.3.1/../../../../arm-none-eabi/lib/thumb/v7e-m+fp/hard\libc_nano.a(libc_a-putchar.o)
 .ARM.attributes
                0x00000557       0x34 C:/ST/STM32CubeIDE_1.15.1/STM32CubeIDE/plugins/com.st.stm32cube.ide.mcu.externaltools.gnu-tools-for-stm32.12.3.rel1.win32_1.0.100.202403111256/tools/bin/../lib/gcc/arm-none-eabi/12.3.1/../../../../arm-none-eabi/lib/thumb/v7e-m+fp/hard\libc_nano.a(libc_a-puts.o)
 .ARM.attributes
                0x0000058b       0x34 C:/ST/STM32CubeIDE_1.15.1/STM32CubeIDE/plugins/com.st.stm32cube.ide.mcu.externaltools.gnu-tools-for-stm32.12.3.rel1.win32_1.0.100.202403111256/tools/bin/../lib/gcc/arm-none-eabi/12.3.1/../../../../arm-none-eabi/lib/thumb/v7e-m+fp/hard\libc_nano.a(libc_a-sprintf.o)
 .ARM.attributes
                0x000005bf       0x34 C:/ST/STM32CubeIDE_1.15.1/STM32CubeIDE/plugins/com.st.stm32cube.ide.mcu.externaltools.gnu-tools-for-stm32.12.3.rel1.win32_1.0.100.202403111256/tools/bin/../lib/gcc/arm-none-eabi/12.3.1/../../../../arm-none-eabi/lib/thumb/v7e-m+fp/hard\libc_nano.a(libc_a-stdio.o)
 .ARM.attributes
                0x000005f3       0x34 C:/ST/STM32CubeIDE_1.15.1/STM32CubeIDE/plugins/com.st.stm32cube.ide.mcu.externaltools.gnu-tools-for-stm32.12.3.rel1.win32_1.0.100.202403111256/tools/bin/../lib/gcc/arm-none-eabi/12.3.1/../../../../arm-none-eabi/lib/thumb/v7e-m+fp/hard\libc_nano.a(libc_a-wbuf.o)
 .ARM.attributes
                0x00000627       0x34 C:/ST/STM32CubeIDE_1.15.1/STM32CubeIDE/plugins/com.st.stm32cube.ide.mcu.externaltools.gnu-tools-for-stm32.12.3.rel1.win32_1.0.100.202403111256/tools/bin/../lib/gcc/arm-none-eabi/12.3.1/../../../../arm-none-eabi/lib/thumb/v7e-m+fp/hard\libc_nano.a(libc_a-wsetup.o)
 .ARM.attributes
                0x0000065b       0x34 C:/ST/STM32CubeIDE_1.15.1/STM32CubeIDE/plugins/com.st.stm32cube.ide.mcu.externaltools.gnu-tools-for-stm32.12.3.rel1.win32_1.0.100.202403111256/tools/bin/../lib/gcc/arm-none-eabi/12.3.1/../../../../arm-none-eabi/lib/thumb/v7e-m+fp/hard\libc_nano.a(libc_a-memset.o)
 .ARM.attributes
                0x0000068f       0x34 C:/ST/STM32CubeIDE_1.15.1/STM32CubeIDE/plugins/com.st.stm32cube.ide.mcu.externaltools.gnu-tools-for-stm32.12.3.rel1.win32_1.0.100.202403111256/tools/bin/../lib/gcc/arm-none-eabi/12.3.1/../../../../arm-none-eabi/lib/thumb/v7e-m+fp/hard\libc_nano.a(libc_a-strchr.o)
 .ARM.attributes
                0x000006c3       0x34 C:/ST/STM32CubeIDE_1.15.1/STM32CubeIDE/plugins/com.st.stm32cube.ide.mcu.externaltools.gnu-tools-for-stm32.12.3.rel1.win32_1.0.100.202403111256/tools/bin/../lib/gcc/arm-none-eabi/12.3.1/../../../../arm-none-eabi/lib/thumb/v7e-m+fp/hard\libc_nano.a(libc_a-strncpy.o)
 .ARM.attributes
                0x000006f7       0x34 C:/ST/STM32CubeIDE_1.15.1/STM32CubeIDE/plugins/com.st.stm32cube.ide.mcu.externaltools.gnu-tools-for-stm32.12.3.rel1.win32_1.0.100.202403111256/tools/bin/../lib/gcc/arm-none-eabi/12.3.1/../../../../arm-none-eabi/lib/thumb/v7e-m+fp/hard\libc_nano.a(libc_a-closer.o)
 .ARM.attributes
                0x0000072b       0x34 C:/ST/STM32CubeIDE_1.15.1/STM32CubeIDE/plugins/com.st.stm32cube.ide.mcu.externaltools.gnu-tools-for-stm32.12.3.rel1.win32_1.0.100.202403111256/tools/bin/../lib/gcc/arm-none-eabi/12.3.1/../../../../arm-none-eabi/lib/thumb/v7e-m+fp/hard\libc_nano.a(libc_a-reent.o)
 .ARM.attributes
                0x0000075f       0x34 C:/ST/STM32CubeIDE_1.15.1/STM32CubeIDE/plugins/com.st.stm32cube.ide.mcu.externaltools.gnu-tools-for-stm32.12.3.rel1.win32_1.0.100.202403111256/tools/bin/../lib/gcc/arm-none-eabi/12.3.1/../../../../arm-none-eabi/lib/thumb/v7e-m+fp/hard\libc_nano.a(libc_a-impure.o)
 .ARM.attributes
                0x00000793       0x34 C:/ST/STM32CubeIDE_1.15.1/STM32CubeIDE/plugins/com.st.stm32cube.ide.mcu.externaltools.gnu-tools-for-stm32.12.3.rel1.win32_1.0.100.202403111256/tools/bin/../lib/gcc/arm-none-eabi/12.3.1/../../../../arm-none-eabi/lib/thumb/v7e-m+fp/hard\libc_nano.a(libc_a-lseekr.o)
 .ARM.attributes
                0x000007c7       0x34 C:/ST/STM32CubeIDE_1.15.1/STM32CubeIDE/plugins/com.st.stm32cube.ide.mcu.externaltools.gnu-tools-for-stm32.12.3.rel1.win32_1.0.100.202403111256/tools/bin/../lib/gcc/arm-none-eabi/12.3.1/../../../../arm-none-eabi/lib/thumb/v7e-m+fp/hard\libc_nano.a(libc_a-readr.o)
 .ARM.attributes
                0x000007fb       0x34 C:/ST/STM32CubeIDE_1.15.1/STM32CubeIDE/plugins/com.st.stm32cube.ide.mcu.externaltools.gnu-tools-for-stm32.12.3.rel1.win32_1.0.100.202403111256/tools/bin/../lib/gcc/arm-none-eabi/12.3.1/../../../../arm-none-eabi/lib/thumb/v7e-m+fp/hard\libc_nano.a(libc_a-sbrkr.o)
 .ARM.attributes
                0x0000082f       0x34 C:/ST/STM32CubeIDE_1.15.1/STM32CubeIDE/plugins/com.st.stm32cube.ide.mcu.externaltools.gnu-tools-for-stm32.12.3.rel1.win32_1.0.100.202403111256/tools/bin/../lib/gcc/arm-none-eabi/12.3.1/../../../../arm-none-eabi/lib/thumb/v7e-m+fp/hard\libc_nano.a(libc_a-writer.o)
 .ARM.attributes
                0x00000863       0x34 C:/ST/STM32CubeIDE_1.15.1/STM32CubeIDE/plugins/com.st.stm32cube.ide.mcu.externaltools.gnu-tools-for-stm32.12.3.rel1.win32_1.0.100.202403111256/tools/bin/../lib/gcc/arm-none-eabi/12.3.1/../../../../arm-none-eabi/lib/thumb/v7e-m+fp/hard\libc_nano.a(libc_a-errno.o)
 .ARM.attributes
                0x00000897       0x34 C:/ST/STM32CubeIDE_1.15.1/STM32CubeIDE/plugins/com.st.stm32cube.ide.mcu.externaltools.gnu-tools-for-stm32.12.3.rel1.win32_1.0.100.202403111256/tools/bin/../lib/gcc/arm-none-eabi/12.3.1/../../../../arm-none-eabi/lib/thumb/v7e-m+fp/hard\libc_nano.a(libc_a-init.o)
 .ARM.attributes
                0x000008cb       0x34 C:/ST/STM32CubeIDE_1.15.1/STM32CubeIDE/plugins/com.st.stm32cube.ide.mcu.externaltools.gnu-tools-for-stm32.12.3.rel1.win32_1.0.100.202403111256/tools/bin/../lib/gcc/arm-none-eabi/12.3.1/../../../../arm-none-eabi/lib/thumb/v7e-m+fp/hard\libc_nano.a(libc_a-lock.o)
 .ARM.attributes
                0x000008ff       0x20 C:/ST/STM32CubeIDE_1.15.1/STM32CubeIDE/plugins/com.st.stm32cube.ide.mcu.externaltools.gnu-tools-for-stm32.12.3.rel1.win32_1.0.100.202403111256/tools/bin/../lib/gcc/arm-none-eabi/12.3.1/../../../../arm-none-eabi/lib/thumb/v7e-m+fp/hard\libc_nano.a(libc_a-strcmp.o)
 .ARM.attributes
                0x0000091f       0x34 C:/ST/STM32CubeIDE_1.15.1/STM32CubeIDE/plugins/com.st.stm32cube.ide.mcu.externaltools.gnu-tools-for-stm32.12.3.rel1.win32_1.0.100.202403111256/tools/bin/../lib/gcc/arm-none-eabi/12.3.1/../../../../arm-none-eabi/lib/thumb/v7e-m+fp/hard\libc_nano.a(libc_a-strcpy.o)
 .ARM.attributes
                0x00000953       0x34 C:/ST/STM32CubeIDE_1.15.1/STM32CubeIDE/plugins/com.st.stm32cube.ide.mcu.externaltools.gnu-tools-for-stm32.12.3.rel1.win32_1.0.100.202403111256/tools/bin/../lib/gcc/arm-none-eabi/12.3.1/../../../../arm-none-eabi/lib/thumb/v7e-m+fp/hard\libc_nano.a(libc_a-memcpy-stub.o)
 .ARM.attributes
                0x00000987       0x17 C:/ST/STM32CubeIDE_1.15.1/STM32CubeIDE/plugins/com.st.stm32cube.ide.mcu.externaltools.gnu-tools-for-stm32.12.3.rel1.win32_1.0.100.202403111256/tools/bin/../lib/gcc/arm-none-eabi/12.3.1/../../../../arm-none-eabi/lib/thumb/v7e-m+fp/hard\libc_nano.a(libc_a-strlen.o)
 .ARM.attributes
                0x0000099e       0x34 C:/ST/STM32CubeIDE_1.15.1/STM32CubeIDE/plugins/com.st.stm32cube.ide.mcu.externaltools.gnu-tools-for-stm32.12.3.rel1.win32_1.0.100.202403111256/tools/bin/../lib/gcc/arm-none-eabi/12.3.1/../../../../arm-none-eabi/lib/thumb/v7e-m+fp/hard\libc_nano.a(libc_a-assert.o)
 .ARM.attributes
                0x000009d2       0x34 C:/ST/STM32CubeIDE_1.15.1/STM32CubeIDE/plugins/com.st.stm32cube.ide.mcu.externaltools.gnu-tools-for-stm32.12.3.rel1.win32_1.0.100.202403111256/tools/bin/../lib/gcc/arm-none-eabi/12.3.1/../../../../arm-none-eabi/lib/thumb/v7e-m+fp/hard\libc_nano.a(libc_a-freer.o)
 .ARM.attributes
                0x00000a06       0x34 C:/ST/STM32CubeIDE_1.15.1/STM32CubeIDE/plugins/com.st.stm32cube.ide.mcu.externaltools.gnu-tools-for-stm32.12.3.rel1.win32_1.0.100.202403111256/tools/bin/../lib/gcc/arm-none-eabi/12.3.1/../../../../arm-none-eabi/lib/thumb/v7e-m+fp/hard\libc_nano.a(libc_a-nano-svfprintf.o)
 .ARM.attributes
                0x00000a3a       0x34 C:/ST/STM32CubeIDE_1.15.1/STM32CubeIDE/plugins/com.st.stm32cube.ide.mcu.externaltools.gnu-tools-for-stm32.12.3.rel1.win32_1.0.100.202403111256/tools/bin/../lib/gcc/arm-none-eabi/12.3.1/../../../../arm-none-eabi/lib/thumb/v7e-m+fp/hard\libc_nano.a(libc_a-nano-vfprintf.o)
 .ARM.attributes
                0x00000a6e       0x34 C:/ST/STM32CubeIDE_1.15.1/STM32CubeIDE/plugins/com.st.stm32cube.ide.mcu.externaltools.gnu-tools-for-stm32.12.3.rel1.win32_1.0.100.202403111256/tools/bin/../lib/gcc/arm-none-eabi/12.3.1/../../../../arm-none-eabi/lib/thumb/v7e-m+fp/hard\libc_nano.a(libc_a-nano-vfprintf_i.o)
 .ARM.attributes
                0x00000aa2       0x34 C:/ST/STM32CubeIDE_1.15.1/STM32CubeIDE/plugins/com.st.stm32cube.ide.mcu.externaltools.gnu-tools-for-stm32.12.3.rel1.win32_1.0.100.202403111256/tools/bin/../lib/gcc/arm-none-eabi/12.3.1/../../../../arm-none-eabi/lib/thumb/v7e-m+fp/hard\libc_nano.a(libc_a-fflush.o)
 .ARM.attributes
                0x00000ad6       0x34 C:/ST/STM32CubeIDE_1.15.1/STM32CubeIDE/plugins/com.st.stm32cube.ide.mcu.externaltools.gnu-tools-for-stm32.12.3.rel1.win32_1.0.100.202403111256/tools/bin/../lib/gcc/arm-none-eabi/12.3.1/../../../../arm-none-eabi/lib/thumb/v7e-m+fp/hard\libc_nano.a(libc_a-fprintf.o)
 .ARM.attributes
                0x00000b0a       0x34 C:/ST/STM32CubeIDE_1.15.1/STM32CubeIDE/plugins/com.st.stm32cube.ide.mcu.externaltools.gnu-tools-for-stm32.12.3.rel1.win32_1.0.100.202403111256/tools/bin/../lib/gcc/arm-none-eabi/12.3.1/../../../../arm-none-eabi/lib/thumb/v7e-m+fp/hard\libc_nano.a(libc_a-makebuf.o)
 .ARM.attributes
                0x00000b3e       0x34 C:/ST/STM32CubeIDE_1.15.1/STM32CubeIDE/plugins/com.st.stm32cube.ide.mcu.externaltools.gnu-tools-for-stm32.12.3.rel1.win32_1.0.100.202403111256/tools/bin/../lib/gcc/arm-none-eabi/12.3.1/../../../../arm-none-eabi/lib/thumb/v7e-m+fp/hard\libc_nano.a(libc_a-putc.o)
 .ARM.attributes
                0x00000b72       0x34 C:/ST/STM32CubeIDE_1.15.1/STM32CubeIDE/plugins/com.st.stm32cube.ide.mcu.externaltools.gnu-tools-for-stm32.12.3.rel1.win32_1.0.100.202403111256/tools/bin/../lib/gcc/arm-none-eabi/12.3.1/../../../../arm-none-eabi/lib/thumb/v7e-m+fp/hard\libc_nano.a(libc_a-memmove.o)
 .ARM.attributes
                0x00000ba6       0x34 C:/ST/STM32CubeIDE_1.15.1/STM32CubeIDE/plugins/com.st.stm32cube.ide.mcu.externaltools.gnu-tools-for-stm32.12.3.rel1.win32_1.0.100.202403111256/tools/bin/../lib/gcc/arm-none-eabi/12.3.1/../../../../arm-none-eabi/lib/thumb/v7e-m+fp/hard\libc_nano.a(libc_a-fstatr.o)
 .ARM.attributes
                0x00000bda       0x34 C:/ST/STM32CubeIDE_1.15.1/STM32CubeIDE/plugins/com.st.stm32cube.ide.mcu.externaltools.gnu-tools-for-stm32.12.3.rel1.win32_1.0.100.202403111256/tools/bin/../lib/gcc/arm-none-eabi/12.3.1/../../../../arm-none-eabi/lib/thumb/v7e-m+fp/hard\libc_nano.a(libc_a-isattyr.o)
 .ARM.attributes
                0x00000c0e       0x1c C:/ST/STM32CubeIDE_1.15.1/STM32CubeIDE/plugins/com.st.stm32cube.ide.mcu.externaltools.gnu-tools-for-stm32.12.3.rel1.win32_1.0.100.202403111256/tools/bin/../lib/gcc/arm-none-eabi/12.3.1/../../../../arm-none-eabi/lib/thumb/v7e-m+fp/hard\libc_nano.a(libc_a-memchr.o)
 .ARM.attributes
                0x00000c2a       0x34 C:/ST/STM32CubeIDE_1.15.1/STM32CubeIDE/plugins/com.st.stm32cube.ide.mcu.externaltools.gnu-tools-for-stm32.12.3.rel1.win32_1.0.100.202403111256/tools/bin/../lib/gcc/arm-none-eabi/12.3.1/../../../../arm-none-eabi/lib/thumb/v7e-m+fp/hard\libc_nano.a(libc_a-abort.o)
 .ARM.attributes
                0x00000c5e       0x34 C:/ST/STM32CubeIDE_1.15.1/STM32CubeIDE/plugins/com.st.stm32cube.ide.mcu.externaltools.gnu-tools-for-stm32.12.3.rel1.win32_1.0.100.202403111256/tools/bin/../lib/gcc/arm-none-eabi/12.3.1/../../../../arm-none-eabi/lib/thumb/v7e-m+fp/hard\libc_nano.a(libc_a-reallocr.o)
 .ARM.attributes
                0x00000c92       0x34 C:/ST/STM32CubeIDE_1.15.1/STM32CubeIDE/plugins/com.st.stm32cube.ide.mcu.externaltools.gnu-tools-for-stm32.12.3.rel1.win32_1.0.100.202403111256/tools/bin/../lib/gcc/arm-none-eabi/12.3.1/../../../../arm-none-eabi/lib/thumb/v7e-m+fp/hard\libc_nano.a(libc_a-signal.o)
 .ARM.attributes
                0x00000cc6       0x34 C:/ST/STM32CubeIDE_1.15.1/STM32CubeIDE/plugins/com.st.stm32cube.ide.mcu.externaltools.gnu-tools-for-stm32.12.3.rel1.win32_1.0.100.202403111256/tools/bin/../lib/gcc/arm-none-eabi/12.3.1/../../../../arm-none-eabi/lib/thumb/v7e-m+fp/hard\libc_nano.a(libc_a-signalr.o)
 .ARM.attributes
                0x00000cfa       0x34 C:/ST/STM32CubeIDE_1.15.1/STM32CubeIDE/plugins/com.st.stm32cube.ide.mcu.externaltools.gnu-tools-for-stm32.12.3.rel1.win32_1.0.100.202403111256/tools/bin/../lib/gcc/arm-none-eabi/12.3.1/../../../../arm-none-eabi/lib/thumb/v7e-m+fp/hard\libc_nano.a(libc_a-msizer.o)
 .ARM.attributes
                0x00000d2e       0x22 C:/ST/STM32CubeIDE_1.15.1/STM32CubeIDE/plugins/com.st.stm32cube.ide.mcu.externaltools.gnu-tools-for-stm32.12.3.rel1.win32_1.0.100.202403111256/tools/bin/../lib/gcc/arm-none-eabi/12.3.1/thumb/v7e-m+fp/hard/crtn.o
OUTPUT(10_w5500_dns_http-c.elf elf32-littlearm)
LOAD linker stubs
LOAD C:/ST/STM32CubeIDE_1.15.1/STM32CubeIDE/plugins/com.st.stm32cube.ide.mcu.externaltools.gnu-tools-for-stm32.12.3.rel1.win32_1.0.100.202403111256/tools/bin/../lib/gcc/arm-none-eabi/12.3.1/../../../../arm-none-eabi/lib/thumb/v7e-m+fp/hard\libc.a
LOAD C:/ST/STM32CubeIDE_1.15.1/STM32CubeIDE/plugins/com.st.stm32cube.ide.mcu.externaltools.gnu-tools-for-stm32.12.3.rel1.win32_1.0.100.202403111256/tools/bin/../lib/gcc/arm-none-eabi/12.3.1/../../../../arm-none-eabi/lib/thumb/v7e-m+fp/hard\libm.a
LOAD C:/ST/STM32CubeIDE_1.15.1/STM32CubeIDE/plugins/com.st.stm32cube.ide.mcu.externaltools.gnu-tools-for-stm32.12.3.rel1.win32_1.0.100.202403111256/tools/bin/../lib/gcc/arm-none-eabi/12.3.1/thumb/v7e-m+fp/hard\libgcc.a

.debug_info     0x00000000     0x610a
 .debug_info    0x00000000      0x3fc ./Src/adc.o
 .debug_info    0x000003fc      0x333 ./Src/bsp.o
 .debug_info    0x0000072f      0x765 ./Src/dns.o
 .debug_info    0x00000e94      0x249 ./Src/fpu.o
 .debug_info    0x000010dd      0x834 ./Src/httpClient.o
 .debug_info    0x00001911      0x59e ./Src/main.o
 .debug_info    0x00001eaf      0x708 ./Src/spi.o
 .debug_info    0x000025b7      0x6a3 ./Src/syscalls.o
 .debug_info    0x00002c5a      0x168 ./Src/sysmem.o
 .debug_info    0x00002dc2      0x1d7 ./Src/timebase.o
 .debug_info    0x00002f99      0x418 ./Src/uart.o
 .debug_info    0x000033b1      0xa35 ./Src/w5500_driver.o
 .debug_info    0x00003de6       0x30 ./Startup/startup_stm32f411retx.o
 .debug_info    0x00003e16      0xa1e ./Wiznet_W5500/dhcp.o
 .debug_info    0x00004834      0x727 ./Wiznet_W5500/socket.o
 .debug_info    0x00004f5b      0x539 ./Wiznet_W5500/w5500.o
 .debug_info    0x00005494      0xc76 ./Wiznet_W5500/wizchip_conf.o

.debug_abbrev   0x00000000     0x1c8e
 .debug_abbrev  0x00000000      0x107 ./Src/adc.o
 .debug_abbrev  0x00000107       0xd2 ./Src/bsp.o
 .debug_abbrev  0x000001d9      0x239 ./Src/dns.o
 .debug_abbrev  0x00000412       0xb8 ./Src/fpu.o
 .debug_abbrev  0x000004ca      0x2c3 ./Src/httpClient.o
 .debug_abbrev  0x0000078d      0x271 ./Src/main.o
 .debug_abbrev  0x000009fe      0x1af ./Src/spi.o
 .debug_abbrev  0x00000bad      0x1b6 ./Src/syscalls.o
 .debug_abbrev  0x00000d63       0xbc ./Src/sysmem.o
 .debug_abbrev  0x00000e1f      0x16e ./Src/timebase.o
 .debug_abbrev  0x00000f8d      0x141 ./Src/uart.o
 .debug_abbrev  0x000010ce      0x261 ./Src/w5500_driver.o
 .debug_abbrev  0x0000132f       0x24 ./Startup/startup_stm32f411retx.o
 .debug_abbrev  0x00001353      0x23a ./Wiznet_W5500/dhcp.o
 .debug_abbrev  0x0000158d      0x1c1 ./Wiznet_W5500/socket.o
 .debug_abbrev  0x0000174e      0x21f ./Wiznet_W5500/w5500.o
 .debug_abbrev  0x0000196d      0x321 ./Wiznet_W5500/wizchip_conf.o

.debug_aranges  0x00000000      0x6a0
 .debug_aranges
                0x00000000       0x30 ./Src/adc.o
 .debug_aranges
                0x00000030       0x40 ./Src/bsp.o
 .debug_aranges
                0x00000070       0x70 ./Src/dns.o
 .debug_aranges
                0x000000e0       0x20 ./Src/fpu.o
 .debug_aranges
                0x00000100       0x68 ./Src/httpClient.o
 .debug_aranges
                0x00000168       0x38 ./Src/main.o
 .debug_aranges
                0x000001a0       0x40 ./Src/spi.o
 .debug_aranges
                0x000001e0       0xa8 ./Src/syscalls.o
 .debug_aranges
                0x00000288       0x20 ./Src/sysmem.o
 .debug_aranges
                0x000002a8       0x40 ./Src/timebase.o
 .debug_aranges
                0x000002e8       0x40 ./Src/uart.o
 .debug_aranges
                0x00000328       0x78 ./Src/w5500_driver.o
 .debug_aranges
                0x000003a0       0x28 ./Startup/startup_stm32f411retx.o
 .debug_aranges
                0x000003c8       0xc8 ./Wiznet_W5500/dhcp.o
 .debug_aranges
                0x00000490       0x78 ./Wiznet_W5500/socket.o
 .debug_aranges
                0x00000508       0x60 ./Wiznet_W5500/w5500.o
 .debug_aranges
                0x00000568      0x138 ./Wiznet_W5500/wizchip_conf.o

.debug_rnglists
                0x00000000      0x4e6
 .debug_rnglists
                0x00000000       0x1f ./Src/adc.o
 .debug_rnglists
                0x0000001f       0x2b ./Src/bsp.o
 .debug_rnglists
                0x0000004a       0x54 ./Src/dns.o
 .debug_rnglists
                0x0000009e       0x13 ./Src/fpu.o