13:43:19 **** Incremental Build of configuration Debug for project 10_w5500_dns_http-c ****
make -j8 all 
arm-none-eabi-gcc "../Src/main.c" -mcpu=cortex-m4 -std=gnu11 -g3 -DDEBUG -DSTM32 -DSTM32F4 -DSTM32F411RETx -DSTM32F411xE -c -I"C:/Users/Ninsaw/Documents/Ethernet_IoTPlatform/10_w5500_dns_http-c/chip_headers/CMSIS/Include" -I"C:/Users/Ninsaw/Documents/Ethernet_IoTPlatform/10_w5500_dns_http-c/chip_headers/CMSIS/Device/ST/STM32F4xx/Include" -I"C:/Users/Ninsaw/Documents/Ethernet_IoTPlatform/10_w5500_dns_http-c/Inc" -I"C:/Users/Ninsaw/Documents/Ethernet_IoTPlatform/10_w5500_dns_http-c/Wiznet_W5500" -O0 -ffunction-sections -fdata-sections -Wall -fstack-usage -fcyclomatic-complexity -MMD -MP -MF"Src/main.d" -MT"Src/main.o" --specs=nano.specs -mfpu=fpv4-sp-d16 -mfloat-abi=hard -mthumb -o "Src/main.o"
arm-none-eabi-gcc -o "10_w5500_dns_http-c.elf" @"objects.list"   -mcpu=cortex-m4 -T"C:\Users\Ninsaw\Documents\Ethernet_IoTPlatform\10_w5500_dns_http-c\STM32F411RETX_FLASH.ld" --specs=nosys.specs -Wl,-Map="10_w5500_dns_http-c.map" -Wl,--gc-sections -static --specs=nano.specs -mfpu=fpv4-sp-d16 -mfloat-abi=hard -mthumb -Wl,--start-group -lc -lm -Wl,--end-group
C:/ST/STM32CubeIDE_1.15.1/STM32CubeIDE/plugins/com.st.stm32cube.ide.mcu.externaltools.gnu-tools-for-stm32.12.3.rel1.win32_1.0.100.202403111256/tools/bin/../lib/gcc/arm-none-eabi/12.3.1/../../../../arm-none-eabi/bin/ld.exe: warning: 10_w5500_dns_http-c.elf has a LOAD segment with RWX permissions
Finished building target: 10_w5500_dns_http-c.elf
 
arm-none-eabi-size  10_w5500_dns_http-c.elf 
arm-none-eabi-objdump -h -S 10_w5500_dns_http-c.elf  > "10_w5500_dns_http-c.list"
   text	   data	    bss	    dec	    hex	filename
  30464	    232	  24400	  55096	   d738	10_w5500_dns_http-c.elf
Finished building: default.size.stdout
 
Finished building: 10_w5500_dns_http-c.list
 
13:45:45 **** Incremental Build of configuration Debug for project 10_w5500_dns_http-c ****
make -j8 all 
arm-none-eabi-size  10_w5500_dns_http-c.elf 
   text	   data	    bss	    dec	    hex	filename
  30464	    232	  24400	  55096	   d738	10_w5500_dns_http-c.elf
Finished building: default.size.stdout
 
